Archive member included to satisfy reference by file (symbol)

f:/altera/15.0/nios2eds/bin/gnu/h-x86_64-mingw32/bin/../lib/gcc/nios2-elf/4.9.1/../../../../../H-x86_64-mingw32/nios2-elf/lib\libc.a(lib_a-atoi.o)
                              obj/default/hello_world.o (atoi)
f:/altera/15.0/nios2eds/bin/gnu/h-x86_64-mingw32/bin/../lib/gcc/nios2-elf/4.9.1/../../../../../H-x86_64-mingw32/nios2-elf/lib\libc.a(lib_a-memcpy.o)
                              obj/default/hello_world.o (memcpy)
f:/altera/15.0/nios2eds/bin/gnu/h-x86_64-mingw32/bin/../lib/gcc/nios2-elf/4.9.1/../../../../../H-x86_64-mingw32/nios2-elf/lib\libc.a(lib_a-printf.o)
                              obj/default/hello_world.o (printf)
f:/altera/15.0/nios2eds/bin/gnu/h-x86_64-mingw32/bin/../lib/gcc/nios2-elf/4.9.1/../../../../../H-x86_64-mingw32/nios2-elf/lib\libc.a(lib_a-putchar.o)
                              obj/default/hello_world.o (putchar)
f:/altera/15.0/nios2eds/bin/gnu/h-x86_64-mingw32/bin/../lib/gcc/nios2-elf/4.9.1/../../../../../H-x86_64-mingw32/nios2-elf/lib\libc.a(lib_a-puts.o)
                              obj/default/hello_world.o (puts)
f:/altera/15.0/nios2eds/bin/gnu/h-x86_64-mingw32/bin/../lib/gcc/nios2-elf/4.9.1/../../../../../H-x86_64-mingw32/nios2-elf/lib\libc.a(lib_a-strlen.o)
                              f:/altera/15.0/nios2eds/bin/gnu/h-x86_64-mingw32/bin/../lib/gcc/nios2-elf/4.9.1/../../../../../H-x86_64-mingw32/nios2-elf/lib\libc.a(lib_a-puts.o) (strlen)
f:/altera/15.0/nios2eds/bin/gnu/h-x86_64-mingw32/bin/../lib/gcc/nios2-elf/4.9.1/../../../../../H-x86_64-mingw32/nios2-elf/lib\libc.a(lib_a-strtol.o)
                              f:/altera/15.0/nios2eds/bin/gnu/h-x86_64-mingw32/bin/../lib/gcc/nios2-elf/4.9.1/../../../../../H-x86_64-mingw32/nios2-elf/lib\libc.a(lib_a-atoi.o) (_strtol_r)
f:/altera/15.0/nios2eds/bin/gnu/h-x86_64-mingw32/bin/../lib/gcc/nios2-elf/4.9.1/../../../../../H-x86_64-mingw32/nios2-elf/lib\libc.a(lib_a-vfprintf.o)
                              f:/altera/15.0/nios2eds/bin/gnu/h-x86_64-mingw32/bin/../lib/gcc/nios2-elf/4.9.1/../../../../../H-x86_64-mingw32/nios2-elf/lib\libc.a(lib_a-printf.o) (___vfprintf_internal_r)
f:/altera/15.0/nios2eds/bin/gnu/h-x86_64-mingw32/bin/../lib/gcc/nios2-elf/4.9.1/../../../../../H-x86_64-mingw32/nios2-elf/lib\libc.a(lib_a-wsetup.o)
                              f:/altera/15.0/nios2eds/bin/gnu/h-x86_64-mingw32/bin/../lib/gcc/nios2-elf/4.9.1/../../../../../H-x86_64-mingw32/nios2-elf/lib\libc.a(lib_a-vfprintf.o) (__swsetup_r)
f:/altera/15.0/nios2eds/bin/gnu/h-x86_64-mingw32/bin/../lib/gcc/nios2-elf/4.9.1/../../../../../H-x86_64-mingw32/nios2-elf/lib\libc.a(lib_a-ctype_.o)
                              f:/altera/15.0/nios2eds/bin/gnu/h-x86_64-mingw32/bin/../lib/gcc/nios2-elf/4.9.1/../../../../../H-x86_64-mingw32/nios2-elf/lib\libc.a(lib_a-strtol.o) (__ctype_ptr__)
f:/altera/15.0/nios2eds/bin/gnu/h-x86_64-mingw32/bin/../lib/gcc/nios2-elf/4.9.1/../../../../../H-x86_64-mingw32/nios2-elf/lib\libc.a(lib_a-dtoa.o)
                              f:/altera/15.0/nios2eds/bin/gnu/h-x86_64-mingw32/bin/../lib/gcc/nios2-elf/4.9.1/../../../../../H-x86_64-mingw32/nios2-elf/lib\libc.a(lib_a-vfprintf.o) (_dtoa_r)
f:/altera/15.0/nios2eds/bin/gnu/h-x86_64-mingw32/bin/../lib/gcc/nios2-elf/4.9.1/../../../../../H-x86_64-mingw32/nios2-elf/lib\libc.a(lib_a-fflush.o)
                              f:/altera/15.0/nios2eds/bin/gnu/h-x86_64-mingw32/bin/../lib/gcc/nios2-elf/4.9.1/../../../../../H-x86_64-mingw32/nios2-elf/lib\libc.a(lib_a-vfprintf.o) (_fflush_r)
f:/altera/15.0/nios2eds/bin/gnu/h-x86_64-mingw32/bin/../lib/gcc/nios2-elf/4.9.1/../../../../../H-x86_64-mingw32/nios2-elf/lib\libc.a(lib_a-findfp.o)
                              f:/altera/15.0/nios2eds/bin/gnu/h-x86_64-mingw32/bin/../lib/gcc/nios2-elf/4.9.1/../../../../../H-x86_64-mingw32/nios2-elf/lib\libc.a(lib_a-vfprintf.o) (__sinit)
f:/altera/15.0/nios2eds/bin/gnu/h-x86_64-mingw32/bin/../lib/gcc/nios2-elf/4.9.1/../../../../../H-x86_64-mingw32/nios2-elf/lib\libc.a(lib_a-freer.o)
                              f:/altera/15.0/nios2eds/bin/gnu/h-x86_64-mingw32/bin/../lib/gcc/nios2-elf/4.9.1/../../../../../H-x86_64-mingw32/nios2-elf/lib\libc.a(lib_a-wsetup.o) (_free_r)
f:/altera/15.0/nios2eds/bin/gnu/h-x86_64-mingw32/bin/../lib/gcc/nios2-elf/4.9.1/../../../../../H-x86_64-mingw32/nios2-elf/lib\libc.a(lib_a-fvwrite.o)
                              f:/altera/15.0/nios2eds/bin/gnu/h-x86_64-mingw32/bin/../lib/gcc/nios2-elf/4.9.1/../../../../../H-x86_64-mingw32/nios2-elf/lib\libc.a(lib_a-puts.o) (__sfvwrite_r)
f:/altera/15.0/nios2eds/bin/gnu/h-x86_64-mingw32/bin/../lib/gcc/nios2-elf/4.9.1/../../../../../H-x86_64-mingw32/nios2-elf/lib\libc.a(lib_a-fwalk.o)
                              f:/altera/15.0/nios2eds/bin/gnu/h-x86_64-mingw32/bin/../lib/gcc/nios2-elf/4.9.1/../../../../../H-x86_64-mingw32/nios2-elf/lib\libc.a(lib_a-findfp.o) (_fwalk)
[...]
Memory Configuration

Name             Origin             Length             Attributes
reset            0x0000000008000000 0x0000000000000020
sdram            0x0000000008000020 0x0000000003ffffe0
*default*        0x0000000000000000 0xffffffffffffffff

Linker script and memory map

LOAD ../Module2_Graphics_bsp//obj/HAL/src/crt0.o
LOAD obj/default/hello_world.o
LOAD f:/altera/15.0/nios2eds/bin/gnu/h-x86_64-mingw32/bin/../lib/gcc/nios2-elf/4.9.1/../../../../../H-x86_64-mingw32/nios2-elf/lib\libstdc++.a
LOAD f:/altera/15.0/nios2eds/bin/gnu/h-x86_64-mingw32/bin/../lib/gcc/nios2-elf/4.9.1/../../../../../H-x86_64-mingw32/nios2-elf/lib\libm.a
LOAD f:/altera/15.0/nios2eds/bin/gnu/h-x86_64-mingw32/bin/../lib/gcc/nios2-elf/4.9.1\libgcc.a
START GROUP
LOAD f:/altera/15.0/nios2eds/bin/gnu/h-x86_64-mingw32/bin/../lib/gcc/nios2-elf/4.9.1/../../../../../H-x86_64-mingw32/nios2-elf/lib\libc.a
LOAD f:/altera/15.0/nios2eds/bin/gnu/h-x86_64-mingw32/bin/../lib/gcc/nios2-elf/4.9.1\libgcc.a
LOAD ../Module2_Graphics_bsp/\libhal_bsp.a
LOAD f:/altera/15.0/nios2eds/bin/gnu/h-x86_64-mingw32/bin/../lib/gcc/nios2-elf/4.9.1/../../../../../H-x86_64-mingw32/nios2-elf/lib\libm.a
END GROUP
LOAD f:/altera/15.0/nios2eds/bin/gnu/h-x86_64-mingw32/bin/../lib/gcc/nios2-elf/4.9.1\libgcc.a
                0x0000000008000000                __alt_mem_sdram = 0x8000000

.entry          0x0000000008000000       0x20
 *(.entry)
 .entry         0x0000000008000000       0x20 ../Module2_Graphics_bsp//obj/HAL/src/crt0.o
                0x0000000008000000                __reset

.exceptions     0x0000000008000020      0x19c
                0x0000000008000020                PROVIDE (__ram_exceptions_start, ABSOLUTE (.))
                0x0000000008000020                . = ALIGN (0x20)
 *(.irq)
 *(.exceptions.entry.label)
 .exceptions.entry.label
                0x0000000008000020        0x0 ../Module2_Graphics_bsp/\libhal_bsp.a(alt_irq_entry.o)
                0x0000000008000020                alt_irq_entry
 .exceptions.entry.label
                0x0000000008000020        0x0 ../Module2_Graphics_bsp/\libhal_bsp.a(alt_exception_entry.o)
                0x0000000008000020                alt_exception
 *(.exceptions.entry.user)
 *(.exceptions.entry.ecc_fatal)
 *(.exceptions.entry)
 .exceptions.entry
                0x0000000008000020       0x54 ../Module2_Graphics_bsp/\libhal_bsp.a(alt_exception_entry.o)
 *(.exceptions.irqtest.user)
 *(.exceptions.irqtest)
 .exceptions.irqtest
                0x0000000008000074       0x10 ../Module2_Graphics_bsp/\libhal_bsp.a(alt_irq_entry.o)
 *(.exceptions.irqhandler.user)
 *(.exceptions.irqhandler)
 .exceptions.irqhandler
                0x0000000008000084        0x4 ../Module2_Graphics_bsp/\libhal_bsp.a(alt_irq_entry.o)
 *(.exceptions.irqreturn.user)
 *(.exceptions.irqreturn)
 .exceptions.irqreturn
                0x0000000008000088        0x4 ../Module2_Graphics_bsp/\libhal_bsp.a(alt_irq_entry.o)
 *(.exceptions.notirq.label)
 .exceptions.notirq.label
                0x000000000800008c        0x0 ../Module2_Graphics_bsp/\libhal_bsp.a(alt_irq_entry.o)
 *(.exceptions.notirq.user)
 *(.exceptions.notirq)
 .exceptions.notirq
                0x000000000800008c        0x8 ../Module2_Graphics_bsp/\libhal_bsp.a(alt_exception_entry.o)
 *(.exceptions.soft.user)
 *(.exceptions.soft)
 *(.exceptions.unknown.user)
 *(.exceptions.unknown)
 .exceptions.unknown
                0x0000000008000094        0x4 ../Module2_Graphics_bsp/\libhal_bsp.a(alt_exception_entry.o)
 *(.exceptions.exit.label)
 .exceptions.exit.label
                0x0000000008000098        0x0 ../Module2_Graphics_bsp/\libhal_bsp.a(alt_irq_entry.o)
 .exceptions.exit.label
                0x0000000008000098        0x0 ../Module2_Graphics_bsp/\libhal_bsp.a(alt_exception_entry.o)
 *(.exceptions.exit.user)
 *(.exceptions.exit)
 .exceptions.exit
                0x0000000008000098       0x54 ../Module2_Graphics_bsp/\libhal_bsp.a(alt_exception_entry.o)
 *(.exceptions)
 .exceptions    0x00000000080000ec       0xd0 ../Module2_Graphics_bsp/\libhal_bsp.a(alt_irq_handler.o)
                0x00000000080000ec                alt_irq_handler
                0x00000000080001bc                PROVIDE (__ram_exceptions_end, ABSOLUTE (.))
                0x0000000008000020                PROVIDE (__flash_exceptions_start, LOADADDR (.exceptions))

.text           0x00000000080001bc    0x11e94
                0x00000000080001bc                PROVIDE (stext, ABSOLUTE (.))
 *(.interp)
 *(.hash)
 *(.dynsym)
 *(.dynstr)
 *(.gnu.version)
 *(.gnu.version_d)
 *(.gnu.version_r)
 *(.rel.init)
 *(.rela.init)
 *(.rel.text .rel.text.* .rel.gnu.linkonce.t.*)
 *(.rela.text .rela.text.* .rela.gnu.linkonce.t.*)
 *(.rel.fini)
 *(.rela.fini)
 *(.rel.rodata .rel.rodata.* .rel.gnu.linkonce.r.*)
 *(.rela.rodata .rela.rodata.* .rela.gnu.linkonce.r.*)
 *(.rel.data .rel.data.* .rel.gnu.linkonce.d.*)
 *(.rela.data .rela.data.* .rela.gnu.linkonce.d.*)
 *(.rel.tdata .rel.tdata.* .rel.gnu.linkonce.td.*)
 *(.rela.tdata .rela.tdata.* .rela.gnu.linkonce.td.*)
 *(.rel.tbss .rel.tbss.* .rel.gnu.linkonce.tb.*)
 *(.rela.tbss .rela.tbss.* .rela.gnu.linkonce.tb.*)
 *(.rel.ctors)
 *(.rela.ctors)
 *(.rel.dtors)
 *(.rela.dtors)
 *(.rel.got)
 *(.rela.got)
 *(.rel.sdata .rel.sdata.* .rel.gnu.linkonce.s.*)
 *(.rela.sdata .rela.sdata.* .rela.gnu.linkonce.s.*)
 *(.rel.sbss .rel.sbss.* .rel.gnu.linkonce.sb.*)
 *(.rela.sbss .rela.sbss.* .rela.gnu.linkonce.sb.*)
 *(.rel.sdata2 .rel.sdata2.* .rel.gnu.linkonce.s2.*)
 *(.rela.sdata2 .rela.sdata2.* .rela.gnu.linkonce.s2.*)
 *(.rel.sbss2 .rel.sbss2.* .rel.gnu.linkonce.sb2.*)
 *(.rela.sbss2 .rela.sbss2.* .rela.gnu.linkonce.sb2.*)
 *(.rel.bss .rel.bss.* .rel.gnu.linkonce.b.*)
 *(.rela.bss .rela.bss.* .rela.gnu.linkonce.b.*)
 *(.rel.plt)
 *(.rela.plt)
 *(.rel.dyn)
 *(.init)
 *(.plt)
 *(.text .stub .text.* .gnu.linkonce.t.*)
 .text          0x00000000080001bc       0x3c ../Module2_Graphics_bsp//obj/HAL/src/crt0.o
                0x00000000080001bc                _start
 .text          0x00000000080001f8     0x2dd4 obj/default/hello_world.o
                0x00000000080001f8                WriteAPixel
                0x0000000008000284                ReadAPixel
                0x0000000008000324                ProgramPalette
                0x00000000080003b0                OutGraphicsCharFont2a
                0x0000000008000540                OutGraphicsCharFont1
                0x00000000080006ec                DrawHLineHardware
                0x0000000008000798                DrawVLineHardware
                0x0000000008000844                DrawLineHardware
                0x00000000080008e4                drawcircle
                0x0000000008000ac8                DrawArc
                0x0000000008000c1c                DrawCircleFill
                0x0000000008000d14                drawTriangle
                0x0000000008000d88                drawFilledRectangle
                0x0000000008000e6c                drawRectangle
                0x0000000008000f10                clear_screen
                0x0000000008000f80                putcharTouch_Screen
                0x0000000008000fdc                getcharTouch_Screen
                0x000000000800102c                Init_Touch
                0x000000000800108c                ScreenTouched
                0x00000000080010c0                WaitForTouch
                0x00000000080010f0                GetPress
                0x00000000080011f8                GetRelease
                0x0000000008001300                GetPressNoWait
                0x0000000008001414                polling_Status
                0x00000000080014e8                draw_page
                0x0000000008001984                multiple_qn
                0x0000000008001d4c                shuffle_names
                0x0000000008002020                handle_touch
                0x0000000008002078                demo_page
                0x0000000008002174                putchar_GPS
                0x00000000080021c8                getcharGPS
                0x0000000008002214                putString
                0x0000000008002284                StopLogging
                0x00000000080022bc                ClearLogging
                0x00000000080022f4                StartLogger
                0x000000000800232c                Init_GPS
                0x000000000800236c                printTo7Seg
                0x00000000080023e4                printGpsData
                0x0000000008002504                getGpsInfo
                0x0000000008002834                GPS_Real_Time
                0x0000000008002968                init_Bluetooth
                0x00000000080029d0                putChar_Bluetooth
                0x0000000008002a28                getChar_Bluetooth
                0x0000000008002a70                send_command
                0x0000000008002b04                start_command
                0x0000000008002b5c                end_command
                0x0000000008002bb4                putStringBluetooth
                0x0000000008002c0c                dongle_reset
                0x0000000008002c50                change_name
                0x0000000008002ccc                change_password
                0x0000000008002d3c                getStringBluetooth
                0x0000000008002e40                main
 .text          0x0000000008002fcc       0x18 f:/altera/15.0/nios2eds/bin/gnu/h-x86_64-mingw32/bin/../lib/gcc/nios2-elf/4.9.1/../../../../../H-x86_64-mingw32/nios2-elf/lib\libc.a(lib_a-atoi.o)
                0x0000000008002fcc                atoi
                0x0000000008002fd8                _atoi_r
 .text          0x0000000008002fe4      0x138 f:/altera/15.0/nios2eds/bin/gnu/h-x86_64-mingw32/bin/../lib/gcc/nios2-elf/4.9.1/../../../../../H-x86_64-mingw32/nios2-elf/lib\libc.a(lib_a-memcpy.o)
                0x0000000008002fe4                memcpy
 .text          0x000000000800311c       0x68 f:/altera/15.0/nios2eds/bin/gnu/h-x86_64-mingw32/bin/../lib/gcc/nios2-elf/4.9.1/../../../../../H-x86_64-mingw32/nios2-elf/lib\libc.a(lib_a-printf.o)
                0x000000000800311c                _printf_r
                0x0000000008003148                printf
 .text          0x0000000008003184       0x20 f:/altera/15.0/nios2eds/bin/gnu/h-x86_64-mingw32/bin/../lib/gcc/nios2-elf/4.9.1/../../../../../H-x86_64-mingw32/nios2-elf/lib\libc.a(lib_a-putchar.o)
                0x0000000008003184                _putchar_r
                0x000000000800318c                putchar
 .text          0x00000000080031a4       0xcc f:/altera/15.0/nios2eds/bin/gnu/h-x86_64-mingw32/bin/../lib/gcc/nios2-elf/4.9.1/../../../../../H-x86_64-mingw32/nios2-elf/lib\libc.a(lib_a-puts.o)
                0x00000000080031a4                _puts_r
                0x000000000800325c                puts
 .text          0x0000000008003270       0x98 f:/altera/15.0/nios2eds/bin/gnu/h-x86_64-mingw32/bin/../lib/gcc/nios2-elf/4.9.1/../../../../../H-x86_64-mingw32/nios2-elf/lib\libc.a(lib_a-strlen.o)
                0x0000000008003270                strlen
 .text          0x0000000008003308      0x284 f:/altera/15.0/nios2eds/bin/gnu/h-x86_64-mingw32/bin/../lib/gcc/nios2-elf/4.9.1/../../../../../H-x86_64-mingw32/nios2-elf/lib\libc.a(lib_a-strtol.o)
                0x0000000008003308                _strtol_r
                0x0000000008003568                strtol
 .text          0x000000000800358c     0x2020 f:/altera/15.0/nios2eds/bin/gnu/h-x86_64-mingw32/bin/../lib/gcc/nios2-elf/4.9.1/../../../../../H-x86_64-mingw32/nios2-elf/lib\libc.a(lib_a-vfprintf.o)
                0x000000000800358c                ___vfprintf_internal_r
                0x0000000008005588                __vfprintf_internal
 .text          0x00000000080055ac      0x130 f:/altera/15.0/nios2eds/bin/gnu/h-x86_64-mingw32/bin/../lib/gcc/nios2-elf/4.9.1/../../../../../H-x86_64-mingw32/nios2-elf/lib\libc.a(lib_a-wsetup.o)
                0x00000000080055ac                __swsetup_r
 .text          0x00000000080056dc        0x0 f:/altera/15.0/nios2eds/bin/gnu/h-x86_64-mingw32/bin/../lib/gcc/nios2-elf/4.9.1/../../../../../H-x86_64-mingw32/nios2-elf/lib\libc.a(lib_a-ctype_.o)
 .text          0x00000000080056dc     0x1928 f:/altera/15.0/nios2eds/bin/gnu/h-x86_64-mingw32/bin/../lib/gcc/nios2-elf/4.9.1/../../../../../H-x86_64-mingw32/nios2-elf/lib\libc.a(lib_a-dtoa.o)
                0x00000000080058dc                _dtoa_r
 .text          0x0000000008007004      0x258 f:/altera/15.0/nios2eds/bin/gnu/h-x86_64-mingw32/bin/../lib/gcc/nios2-elf/4.9.1/../../../../../H-x86_64-mingw32/nios2-elf/lib\libc.a(lib_a-fflush.o)
                0x0000000008007004                _fflush_r
                0x000000000800722c                fflush
 .text          0x000000000800725c      0x3a0 f:/altera/15.0/nios2eds/bin/gnu/h-x86_64-mingw32/bin/../lib/gcc/nios2-elf/4.9.1/../../../../../H-x86_64-mingw32/nios2-elf/lib\libc.a(lib_a-findfp.o)
                0x000000000800726c                _cleanup_r
                0x0000000008007418                __sfmoreglue
                0x000000000800747c                __sfp
                0x0000000008007594                _cleanup
                0x00000000080075ac                __sinit
                0x00000000080075bc                __sfp_lock_acquire
                0x00000000080075c0                __sfp_lock_release
                0x00000000080075c4                __sinit_lock_acquire
                0x00000000080075c8                __sinit_lock_release
                0x00000000080075cc                __fp_lock_all
                0x00000000080075e4                __fp_unlock_all
 .text          0x00000000080075fc      0x414 f:/altera/15.0/nios2eds/bin/gnu/h-x86_64-mingw32/bin/../lib/gcc/nios2-elf/4.9.1/../../../../../H-x86_64-mingw32/nios2-elf/lib\libc.a(lib_a-freer.o)
                0x00000000080075fc                _malloc_trim_r
                0x0000000008007720                _free_r
 .text          0x0000000008007a10      0x4a4 f:/altera/15.0/nios2eds/bin/gnu/h-x86_64-mingw32/bin/../lib/gcc/nios2-elf/4.9.1/../../../../../H-x86_64-mingw32/nios2-elf/lib\libc.a(lib_a-fvwrite.o)
                0x0000000008007a10                __sfvwrite_r
 .text          0x0000000008007eb4      0x170 f:/altera/15.0/nios2eds/bin/gnu/h-x86_64-mingw32/bin/../lib/gcc/nios2-elf/4.9.1/../../../../../H-x86_64-mingw32/nios2-elf/lib\libc.a(lib_a-fwalk.o)
                0x0000000008007eb4                _fwalk
                0x0000000008007f6c                _fwalk_reent
 .text          0x0000000008008024        0x0 f:/altera/15.0/nios2eds/bin/gnu/h-x86_64-mingw32/bin/../lib/gcc/nios2-elf/4.9.1/../../../../../H-x86_64-mingw32/nios2-elf/lib\libc.a(lib_a-impure.o)
 .text          0x0000000008008024       0xe0 f:/altera/15.0/nios2eds/bin/gnu/h-x86_64-mingw32/bin/../lib/gcc/nios2-elf/4.9.1/../../../../../H-x86_64-mingw32/nios2-elf/lib\libc.a(lib_a-locale.o)
                0x0000000008008024                _setlocale_r
                0x00000000080080a0                __locale_charset
                0x00000000080080ac                __locale_mb_cur_max
                0x00000000080080bc                __locale_msgcharset
                0x00000000080080c8                __locale_cjk_lang
                0x00000000080080d0                _localeconv_r
                0x00000000080080dc                setlocale
                0x00000000080080f8                localeconv
 .text          0x0000000008008104      0x1b8 f:/altera/15.0/nios2eds/bin/gnu/h-x86_64-mingw32/bin/../lib/gcc/nios2-elf/4.9.1/../../../../../H-x86_64-mingw32/nios2-elf/lib\libc.a(lib_a-makebuf.o)
                0x0000000008008104                __smakebuf_r
 .text          0x00000000080082bc      0x7a8 f:/altera/15.0/nios2eds/bin/gnu/h-x86_64-mingw32/bin/../lib/gcc/nios2-elf/4.9.1/../../../../../H-x86_64-mingw32/nios2-elf/lib\libc.a(lib_a-mallocr.o)
                0x00000000080082bc                _malloc_r
 .text          0x0000000008008a64       0xe8 f:/altera/15.0/nios2eds/bin/gnu/h-x86_64-mingw32/bin/../lib/gcc/nios2-elf/4.9.1/../../../../../H-x86_64-mingw32/nios2-elf/lib\libc.a(lib_a-memchr.o)
                0x0000000008008a64                memchr
 .text          0x0000000008008b4c      0x15c f:/altera/15.0/nios2eds/bin/gnu/h-x86_64-mingw32/bin/../lib/gcc/nios2-elf/4.9.1/../../../../../H-x86_64-mingw32/nios2-elf/lib\libc.a(lib_a-memmove.o)
                0x0000000008008b4c                memmove
 .text          0x0000000008008ca8      0x124 f:/altera/15.0/nios2eds/bin/gnu/h-x86_64-mingw32/bin/../lib/gcc/nios2-elf/4.9.1/../../../../../H-x86_64-mingw32/nios2-elf/lib\libc.a(lib_a-memset.o)
                0x0000000008008ca8                memset
 .text          0x0000000008008dcc      0xf8c f:/altera/15.0/nios2eds/bin/gnu/h-x86_64-mingw32/bin/../lib/gcc/nios2-elf/4.9.1/../../../../../H-x86_64-mingw32/nios2-elf/lib\libc.a(lib_a-mprec.o)
                0x0000000008008dcc                _Balloc
                0x0000000008008e74                _Bfree
                0x0000000008008e9c                __multadd
                0x0000000008008fb0                __s2b
                0x00000000080090b4                __hi0bits
                0x000000000800911c                __lo0bits
                0x00000000080091cc                __i2b
                0x0000000008009208                __multiply
                0x0000000008009404                __pow5mult
                0x0000000008009544                __lshift
                0x000000000800968c                __mcmp
                0x00000000080096ec                __mdiff
                0x0000000008009884                __ulp
                0x00000000080098e4                __b2d
                0x0000000008009a00                __d2b
                0x0000000008009b3c                __ratio
                0x0000000008009be0                _mprec_log10
                0x0000000008009c54                __copybits
                0x0000000008009ccc                __any_on
 .text          0x0000000008009d58      0x168 f:/altera/15.0/nios2eds/bin/gnu/h-x86_64-mingw32/bin/../lib/gcc/nios2-elf/4.9.1/../../../../../H-x86_64-mingw32/nios2-elf/lib\libc.a(lib_a-putc.o)
                0x0000000008009d58                _putc_r
                0x0000000008009df8                putc
 .text          0x0000000008009ec0      0x5a0 f:/altera/15.0/nios2eds/bin/gnu/h-x86_64-mingw32/bin/../lib/gcc/nios2-elf/4.9.1/../../../../../H-x86_64-mingw32/nios2-elf/lib\libc.a(lib_a-reallocr.o)
                0x0000000008009ec0                _realloc_r
 .text          0x000000000800a460       0x74 f:/altera/15.0/nios2eds/bin/gnu/h-x86_64-mingw32/bin/../lib/gcc/nios2-elf/4.9.1/../../../../../H-x86_64-mingw32/nios2-elf/lib\libc.a(lib_a-s_fpclassify.o)
                0x000000000800a460                __fpclassifyd
 .text          0x000000000800a4d4       0x54 f:/altera/15.0/nios2eds/bin/gnu/h-x86_64-mingw32/bin/../lib/gcc/nios2-elf/4.9.1/../../../../../H-x86_64-mingw32/nios2-elf/lib\libc.a(lib_a-sbrkr.o)
                0x000000000800a4d4                _sbrk_r
 .text          0x000000000800a528      0x13c f:/altera/15.0/nios2eds/bin/gnu/h-x86_64-mingw32/bin/../lib/gcc/nios2-elf/4.9.1/../../../../../H-x86_64-mingw32/nios2-elf/lib\libc.a(lib_a-stdio.o)
                0x000000000800a528                __sread
                0x000000000800a57c                __seofread
                0x000000000800a584                __swrite
                0x000000000800a600                __sseek
                0x000000000800a65c                __sclose
 .text          0x000000000800a664       0xa4 f:/altera/15.0/nios2eds/bin/gnu/h-x86_64-mingw32/bin/../lib/gcc/nios2-elf/4.9.1/../../../../../H-x86_64-mingw32/nios2-elf/lib\libc.a(lib_a-strcmp.o)
                0x000000000800a664                strcmp
 .text          0x000000000800a708     0x1494 f:/altera/15.0/nios2eds/bin/gnu/h-x86_64-mingw32/bin/../lib/gcc/nios2-elf/4.9.1/../../../../../H-x86_64-mingw32/nios2-elf/lib\libc.a(lib_a-vfiprintf.o)
                0x000000000800a804                __sprint_r
                0x000000000800a81c                ___vfiprintf_internal_r
                0x000000000800bb78                __vfiprintf_internal
 .text          0x000000000800bb9c      0x170 f:/altera/15.0/nios2eds/bin/gnu/h-x86_64-mingw32/bin/../lib/gcc/nios2-elf/4.9.1/../../../../../H-x86_64-mingw32/nios2-elf/lib\libc.a(lib_a-wbuf.o)
                0x000000000800bb9c                __swbuf_r
                0x000000000800bcf0                __swbuf
 .text          0x000000000800bd0c       0x5c f:/altera/15.0/nios2eds/bin/gnu/h-x86_64-mingw32/bin/../lib/gcc/nios2-elf/4.9.1/../../../../../H-x86_64-mingw32/nios2-elf/lib\libc.a(lib_a-writer.o)
                0x000000000800bd0c                _write_r
 .text          0x000000000800bd68       0x54 f:/altera/15.0/nios2eds/bin/gnu/h-x86_64-mingw32/bin/../lib/gcc/nios2-elf/4.9.1/../../../../../H-x86_64-mingw32/nios2-elf/lib\libc.a(closer.o)
                0x000000000800bd68                _close_r
 .text          0x000000000800bdbc       0xc4 f:/altera/15.0/nios2eds/bin/gnu/h-x86_64-mingw32/bin/../lib/gcc/nios2-elf/4.9.1/../../../../../H-x86_64-mingw32/nios2-elf/lib\libc.a(lib_a-callocr.o)
                0x000000000800bdbc                _calloc_r
 .text          0x000000000800be80      0x114 f:/altera/15.0/nios2eds/bin/gnu/h-x86_64-mingw32/bin/../lib/gcc/nios2-elf/4.9.1/../../../../../H-x86_64-mingw32/nios2-elf/lib\libc.a(lib_a-fclose.o)
                0x000000000800be80                _fclose_r
                0x000000000800bf80                fclose
 .text          0x000000000800bf94      0x1dc f:/altera/15.0/nios2eds/bin/gnu/h-x86_64-mingw32/bin/../lib/gcc/nios2-elf/4.9.1/../../../../../H-x86_64-mingw32/nios2-elf/lib\libc.a(lib_a-fputwc.o)
                0x000000000800bf94                _fputwc_r
                0x000000000800c118                fputwc
 .text          0x000000000800c170       0x58 f:/altera/15.0/nios2eds/bin/gnu/h-x86_64-mingw32/bin/../lib/gcc/nios2-elf/4.9.1/../../../../../H-x86_64-mingw32/nios2-elf/lib\libc.a(lib_a-fstatr.o)
                0x000000000800c170                _fstat_r
 .text          0x000000000800c1c8        0x0 f:/altera/15.0/nios2eds/bin/gnu/h-x86_64-mingw32/bin/../lib/gcc/nios2-elf/4.9.1/../../../../../H-x86_64-mingw32/nios2-elf/lib\libc.a(lib_a-int_errno.o)
 .text          0x000000000800c1c8       0x54 f:/altera/15.0/nios2eds/bin/gnu/h-x86_64-mingw32/bin/../lib/gcc/nios2-elf/4.9.1/../../../../../H-x86_64-mingw32/nios2-elf/lib\libc.a(lib_a-isattyr.o)
                0x000000000800c1c8                _isatty_r
 .text          0x000000000800c21c       0x5c f:/altera/15.0/nios2eds/bin/gnu/h-x86_64-mingw32/bin/../lib/gcc/nios2-elf/4.9.1/../../../../../H-x86_64-mingw32/nios2-elf/lib\libc.a(lib_a-lseekr.o)
                0x000000000800c21c                _lseek_r
 .text          0x000000000800c278       0x5c f:/altera/15.0/nios2eds/bin/gnu/h-x86_64-mingw32/bin/../lib/gcc/nios2-elf/4.9.1/../../../../../H-x86_64-mingw32/nios2-elf/lib\libc.a(lib_a-readr.o)
                0x000000000800c278                _read_r
 .text          0x000000000800c2d4      0x174 f:/altera/15.0/nios2eds/bin/gnu/h-x86_64-mingw32/bin/../lib/gcc/nios2-elf/4.9.1/../../../../../H-x86_64-mingw32/nios2-elf/lib\libc.a(lib_a-wcrtomb.o)
                0x000000000800c2d4                _wcrtomb_r
                0x000000000800c370                wcrtomb
 .text          0x000000000800c448       0x8c f:/altera/15.0/nios2eds/bin/gnu/h-x86_64-mingw32/bin/../lib/gcc/nios2-elf/4.9.1/../../../../../H-x86_64-mingw32/nios2-elf/lib\libc.a(lib_a-wctomb_r.o)
                0x000000000800c448                __ascii_wctomb
                0x000000000800c478                _wctomb_r
 .text          0x000000000800c4d4      0x5c0 f:/altera/15.0/nios2eds/bin/gnu/h-x86_64-mingw32/bin/../lib/gcc/nios2-elf/4.9.1\libgcc.a(_udivdi3.o)
                0x000000000800c4d4                __udivdi3
 .text          0x000000000800ca94      0x590 f:/altera/15.0/nios2eds/bin/gnu/h-x86_64-mingw32/bin/../lib/gcc/nios2-elf/4.9.1\libgcc.a(_umoddi3.o)
                0x000000000800ca94                __umoddi3
 .text          0x000000000800d024      0x12c f:/altera/15.0/nios2eds/bin/gnu/h-x86_64-mingw32/bin/../lib/gcc/nios2-elf/4.9.1\libgcc.a(lib2-divmod.o)
                0x000000000800d090                __divsi3
                0x000000000800d0e4                __modsi3
                0x000000000800d140                __udivsi3
                0x000000000800d148                __umodsi3
 .text          0x000000000800d150      0x89c f:/altera/15.0/nios2eds/bin/gnu/h-x86_64-mingw32/bin/../lib/gcc/nios2-elf/4.9.1\libgcc.a(adddf3.o)
                0x000000000800d150                __adddf3
 .text          0x000000000800d9ec      0x8cc f:/altera/15.0/nios2eds/bin/gnu/h-x86_64-mingw32/bin/../lib/gcc/nios2-elf/4.9.1\libgcc.a(divdf3.o)
                0x000000000800d9ec                __divdf3
 .text          0x000000000800e2b8       0x84 f:/altera/15.0/nios2eds/bin/gnu/h-x86_64-mingw32/bin/../lib/gcc/nios2-elf/4.9.1\libgcc.a(eqdf2.o)
                0x000000000800e2b8                __nedf2
                0x000000000800e2b8                __eqdf2
 .text          0x000000000800e33c       0xe0 f:/altera/15.0/nios2eds/bin/gnu/h-x86_64-mingw32/bin/../lib/gcc/nios2-elf/4.9.1\libgcc.a(gedf2.o)
                0x000000000800e33c                __gedf2
                0x000000000800e33c                __gtdf2
 .text          0x000000000800e41c       0xe0 f:/altera/15.0/nios2eds/bin/gnu/h-x86_64-mingw32/bin/../lib/gcc/nios2-elf/4.9.1\libgcc.a(ledf2.o)
                0x000000000800e41c                __ledf2
                0x000000000800e41c                __ltdf2
 .text          0x000000000800e4fc      0x724 f:/altera/15.0/nios2eds/bin/gnu/h-x86_64-mingw32/bin/../lib/gcc/nios2-elf/4.9.1\libgcc.a(muldf3.o)
                0x000000000800e4fc                __muldf3
 .text          0x000000000800ec20      0x8d0 f:/altera/15.0/nios2eds/bin/gnu/h-x86_64-mingw32/bin/../lib/gcc/nios2-elf/4.9.1\libgcc.a(subdf3.o)
                0x000000000800ec20                __subdf3
 .text          0x000000000800f4f0       0x88 f:/altera/15.0/nios2eds/bin/gnu/h-x86_64-mingw32/bin/../lib/gcc/nios2-elf/4.9.1\libgcc.a(fixdfsi.o)
                0x000000000800f4f0                __fixdfsi
 .text          0x000000000800f578       0xd0 f:/altera/15.0/nios2eds/bin/gnu/h-x86_64-mingw32/bin/../lib/gcc/nios2-elf/4.9.1\libgcc.a(floatsidf.o)
                0x000000000800f578                __floatsidf
 .text          0x000000000800f648       0xa4 f:/altera/15.0/nios2eds/bin/gnu/h-x86_64-mingw32/bin/../lib/gcc/nios2-elf/4.9.1\libgcc.a(floatunsidf.o)
                0x000000000800f648                __floatunsidf
 .text          0x000000000800f6ec        0x0 f:/altera/15.0/nios2eds/bin/gnu/h-x86_64-mingw32/bin/../lib/gcc/nios2-elf/4.9.1\libgcc.a(_clz.o)
 .text          0x000000000800f6ec       0x64 f:/altera/15.0/nios2eds/bin/gnu/h-x86_64-mingw32/bin/../lib/gcc/nios2-elf/4.9.1\libgcc.a(_clzsi2.o)
                0x000000000800f6ec                __clzsi2
 .text          0x000000000800f750      0x120 ../Module2_Graphics_bsp/\libhal_bsp.a(alt_close.o)
                0x000000000800f7a0                close
 .text          0x000000000800f870       0x2c ../Module2_Graphics_bsp/\libhal_bsp.a(alt_dev.o)
 .text          0x000000000800f89c        0x0 ../Module2_Graphics_bsp/\libhal_bsp.a(alt_errno.o)
 .text          0x000000000800f89c      0x100 ../Module2_Graphics_bsp/\libhal_bsp.a(alt_fstat.o)
                0x000000000800f8ec                fstat
 .text          0x000000000800f99c       0xf4 ../Module2_Graphics_bsp/\libhal_bsp.a(alt_isatty.o)
                0x000000000800f9ec                isatty
 .text          0x000000000800fa90       0xe4 ../Module2_Graphics_bsp/\libhal_bsp.a(alt_load.o)
                0x000000000800faf4                alt_load
 .text          0x000000000800fb74      0x124 ../Module2_Graphics_bsp/\libhal_bsp.a(alt_lseek.o)
                0x000000000800fbc4                lseek
 .text          0x000000000800fc98       0x78 ../Module2_Graphics_bsp/\libhal_bsp.a(alt_main.o)
                0x000000000800fc98                alt_main
 .text          0x000000000800fd10       0x40 ../Module2_Graphics_bsp/\libhal_bsp.a(alt_malloc_lock.o)
                0x000000000800fd10                __malloc_lock
                0x000000000800fd30                __malloc_unlock
 .text          0x000000000800fd50      0x14c ../Module2_Graphics_bsp/\libhal_bsp.a(alt_read.o)
                0x000000000800fda0                read
 .text          0x000000000800fe9c       0x60 ../Module2_Graphics_bsp/\libhal_bsp.a(alt_release_fd.o)
                0x000000000800fe9c                alt_release_fd
 .text          0x000000000800fefc       0xb0 ../Module2_Graphics_bsp/\libhal_bsp.a(alt_sbrk.o)
                0x000000000800fefc                sbrk
 .text          0x000000000800ffac       0x30 ../Module2_Graphics_bsp/\libhal_bsp.a(alt_usleep.o)
                0x000000000800ffac                usleep
 .text          0x000000000800ffdc      0x148 ../Module2_Graphics_bsp/\libhal_bsp.a(alt_write.o)
                0x000000000801002c                write
 .text          0x0000000008010124       0xc4 ../Module2_Graphics_bsp/\libhal_bsp.a(alt_sys_init.o)
                0x000000000801015c                alt_irq_init
                0x0000000008010190                alt_sys_init
 .text          0x00000000080101e8      0x164 ../Module2_Graphics_bsp/\libhal_bsp.a(altera_avalon_jtag_uart_fd.o)
                0x00000000080101e8                altera_avalon_jtag_uart_read_fd
                0x0000000008010248                altera_avalon_jtag_uart_write_fd
                0x00000000080102a8                altera_avalon_jtag_uart_close_fd
                0x00000000080102f8                altera_avalon_jtag_uart_ioctl_fd
 .text          0x000000000801034c      0x3d8 ../Module2_Graphics_bsp/\libhal_bsp.a(altera_avalon_jtag_uart_init.o)
                0x000000000801034c                altera_avalon_jtag_uart_init
                0x00000000080106bc                altera_avalon_jtag_uart_close
 .text          0x0000000008010724       0xec ../Module2_Graphics_bsp/\libhal_bsp.a(altera_avalon_jtag_uart_ioctl.o)
                0x0000000008010724                altera_avalon_jtag_uart_ioctl
 .text          0x0000000008010810      0x20c ../Module2_Graphics_bsp/\libhal_bsp.a(altera_avalon_jtag_uart_read.o)
                0x0000000008010810                altera_avalon_jtag_uart_read
 .text          0x0000000008010a1c      0x218 ../Module2_Graphics_bsp/\libhal_bsp.a(altera_avalon_jtag_uart_write.o)
                0x0000000008010a1c                altera_avalon_jtag_uart_write
 .text          0x0000000008010c34       0xfc ../Module2_Graphics_bsp/\libhal_bsp.a(altera_avalon_timer_sc.o)
                0x0000000008010ca8                alt_avalon_timer_sc_init
 .text          0x0000000008010d30      0x140 ../Module2_Graphics_bsp/\libhal_bsp.a(alt_alarm_start.o)
                0x0000000008010d30                alt_alarm_start
 .text          0x0000000008010e70      0x128 ../Module2_Graphics_bsp/\libhal_bsp.a(alt_busy_sleep.o)
                0x0000000008010e70                alt_busy_sleep
 .text          0x0000000008010f98       0x1c ../Module2_Graphics_bsp/\libhal_bsp.a(alt_dcache_flush_all.o)
                0x0000000008010f98                alt_dcache_flush_all
 .text          0x0000000008010fb4       0xf4 ../Module2_Graphics_bsp/\libhal_bsp.a(alt_dev_llist_insert.o)
                0x0000000008011004                alt_dev_llist_insert
 .text          0x00000000080110a8       0x5c ../Module2_Graphics_bsp/\libhal_bsp.a(alt_do_ctors.o)
                0x00000000080110a8                _do_ctors
 .text          0x0000000008011104       0x5c ../Module2_Graphics_bsp/\libhal_bsp.a(alt_do_dtors.o)
                0x0000000008011104                _do_dtors
 .text          0x0000000008011160       0x30 ../Module2_Graphics_bsp/\libhal_bsp.a(alt_icache_flush_all.o)
                0x0000000008011160                alt_icache_flush_all
 .text          0x0000000008011190      0x1e0 ../Module2_Graphics_bsp/\libhal_bsp.a(alt_iic.o)
                0x0000000008011190                alt_ic_isr_register
                0x00000000080111e0                alt_ic_irq_enable
                0x0000000008011280                alt_ic_irq_disable
                0x0000000008011324                alt_ic_irq_enabled
 .text          0x0000000008011370       0xf0 ../Module2_Graphics_bsp/\libhal_bsp.a(alt_iic_isr_register.o)
                0x0000000008011370                alt_iic_isr_register
 .text          0x0000000008011460      0x138 ../Module2_Graphics_bsp/\libhal_bsp.a(alt_io_redirect.o)
                0x0000000008011520                alt_io_redirect
 .text          0x0000000008011598        0x0 ../Module2_Graphics_bsp/\libhal_bsp.a(alt_irq_entry.o)
 .text          0x0000000008011598        0x0 ../Module2_Graphics_bsp/\libhal_bsp.a(alt_irq_handler.o)
 .text          0x0000000008011598        0x0 ../Module2_Graphics_bsp/\libhal_bsp.a(alt_irq_vars.o)
 .text          0x0000000008011598      0x274 ../Module2_Graphics_bsp/\libhal_bsp.a(alt_open.o)
                0x00000000080116b4                open
 .text          0x000000000801180c      0x19c ../Module2_Graphics_bsp/\libhal_bsp.a(alt_tick.o)
                0x000000000801180c                alt_alarm_stop
                0x00000000080118a4                alt_tick
 .text          0x00000000080119a8       0x20 ../Module2_Graphics_bsp/\libhal_bsp.a(altera_nios2_qsys_irq.o)
                0x00000000080119a8                altera_nios2_qsys_irq_init
 .text          0x00000000080119c8        0x0 ../Module2_Graphics_bsp/\libhal_bsp.a(alt_exception_entry.o)
 .text          0x00000000080119c8       0x90 ../Module2_Graphics_bsp/\libhal_bsp.a(alt_find_dev.o)
                0x00000000080119c8                alt_find_dev
 .text          0x0000000008011a58      0x114 ../Module2_Graphics_bsp/\libhal_bsp.a(alt_find_file.o)
                0x0000000008011a58                alt_find_file
 .text          0x0000000008011b6c       0xb4 ../Module2_Graphics_bsp/\libhal_bsp.a(alt_get_fd.o)
                0x0000000008011b6c                alt_get_fd
 .text          0x0000000008011c20       0x8c ../Module2_Graphics_bsp/\libhal_bsp.a(alt_icache_flush.o)
                0x0000000008011c20                alt_icache_flush
 .text          0x0000000008011cac       0x14 f:/altera/15.0/nios2eds/bin/gnu/h-x86_64-mingw32/bin/../lib/gcc/nios2-elf/4.9.1/../../../../../H-x86_64-mingw32/nios2-elf/lib\libc.a(lib_a-atexit.o)
                0x0000000008011cac                atexit
 .text          0x0000000008011cc0       0x38 f:/altera/15.0/nios2eds/bin/gnu/h-x86_64-mingw32/bin/../lib/gcc/nios2-elf/4.9.1/../../../../../H-x86_64-mingw32/nios2-elf/lib\libc.a(lib_a-exit.o)
                0x0000000008011cc0                exit
 .text          0x0000000008011cf8       0x7c f:/altera/15.0/nios2eds/bin/gnu/h-x86_64-mingw32/bin/../lib/gcc/nios2-elf/4.9.1/../../../../../H-x86_64-mingw32/nios2-elf/lib\libc.a(lib_a-memcmp.o)
                0x0000000008011cf8                memcmp
 .text          0x0000000008011d74      0x114 f:/altera/15.0/nios2eds/bin/gnu/h-x86_64-mingw32/bin/../lib/gcc/nios2-elf/4.9.1/../../../../../H-x86_64-mingw32/nios2-elf/lib\libc.a(lib_a-__atexit.o)
                0x0000000008011d74                __register_exitproc
 .text          0x0000000008011e88      0x194 f:/altera/15.0/nios2eds/bin/gnu/h-x86_64-mingw32/bin/../lib/gcc/nios2-elf/4.9.1/../../../../../H-x86_64-mingw32/nios2-elf/lib\libc.a(lib_a-__call_atexit.o)
                0x0000000008011e88                __call_exitprocs
 .text          0x000000000801201c       0x34 ../Module2_Graphics_bsp/\libhal_bsp.a(alt_exit.o)
                0x000000000801201c                _exit
 *(.gnu.warning.*)
 *(.fini)
                0x0000000008012050                PROVIDE (__etext, ABSOLUTE (.))
                0x0000000008012050                PROVIDE (_etext, ABSOLUTE (.))
                0x0000000008012050                PROVIDE (etext, ABSOLUTE (.))
 *(.eh_frame_hdr)
                0x0000000008012050                . = ALIGN (0x4)
                0x0000000008012050                PROVIDE (__preinit_array_start, ABSOLUTE (.))
 *(.preinit_array)
                0x0000000008012050                PROVIDE (__preinit_array_end, ABSOLUTE (.))
                0x0000000008012050                PROVIDE (__init_array_start, ABSOLUTE (.))
 *(.init_array)
                0x0000000008012050                PROVIDE (__init_array_end, ABSOLUTE (.))
                0x0000000008012050                PROVIDE (__fini_array_start, ABSOLUTE (.))
 *(.fini_array)
                0x0000000008012050                PROVIDE (__fini_array_end, ABSOLUTE (.))
 *(.eh_frame)
 *(.gcc_except_table .gcc_except_table.*)
 *(.dynamic)
                0x0000000008012050                PROVIDE (__CTOR_LIST__, ABSOLUTE (.))
 *(.ctors)
 *(SORT(.ctors.*))
                0x0000000008012050                PROVIDE (__CTOR_END__, ABSOLUTE (.))
                0x0000000008012050                PROVIDE (__DTOR_LIST__, ABSOLUTE (.))
 *(.dtors)
 *(SORT(.dtors.*))
                0x0000000008012050                PROVIDE (__DTOR_END__, ABSOLUTE (.))
 *(.jcr)
                0x0000000008012050                . = ALIGN (0x4)

.rodata         0x0000000008012050     0xad94
                0x0000000008012050                PROVIDE (__ram_rodata_start, ABSOLUTE (.))
                0x0000000008012050                . = ALIGN (0x4)
 *(.rodata .rodata.* .gnu.linkonce.r.*)
 .rodata        0x0000000008012050     0xa814 obj/default/hello_world.o
                0x0000000008012050                Font5x7
                0x00000000080122ea                Font10x14
                0x0000000008012d4e                Font16x27
                0x0000000008014158                Font22x40
                0x0000000008016de0                Font38x59
 .rodata.str1.4
                0x000000000801c864        0x2 f:/altera/15.0/nios2eds/bin/gnu/h-x86_64-mingw32/bin/../lib/gcc/nios2-elf/4.9.1/../../../../../H-x86_64-mingw32/nios2-elf/lib\libc.a(lib_a-puts.o)
                                          0x4 (size before relaxing)
 *fill*         0x000000000801c866        0x2 
 .rodata.str1.4
                0x000000000801c868       0x42 f:/altera/15.0/nios2eds/bin/gnu/h-x86_64-mingw32/bin/../lib/gcc/nios2-elf/4.9.1/../../../../../H-x86_64-mingw32/nios2-elf/lib\libc.a(lib_a-vfprintf.o)
                                         0x44 (size before relaxing)
 .rodata        0x000000000801c8aa       0x20 f:/altera/15.0/nios2eds/bin/gnu/h-x86_64-mingw32/bin/../lib/gcc/nios2-elf/4.9.1/../../../../../H-x86_64-mingw32/nios2-elf/lib\libc.a(lib_a-vfprintf.o)
 .rodata        0x000000000801c8ca      0x281 f:/altera/15.0/nios2eds/bin/gnu/h-x86_64-mingw32/bin/../lib/gcc/nios2-elf/4.9.1/../../../../../H-x86_64-mingw32/nios2-elf/lib\libc.a(lib_a-ctype_.o)
                0x000000000801c8ca                _ctype_
 *fill*         0x000000000801cb4b        0x1 
 .rodata.str1.4
                0x000000000801cb4c       0x10 f:/altera/15.0/nios2eds/bin/gnu/h-x86_64-mingw32/bin/../lib/gcc/nios2-elf/4.9.1/../../../../../H-x86_64-mingw32/nios2-elf/lib\libc.a(lib_a-dtoa.o)
                                         0x14 (size before relaxing)
 .rodata.str1.4
                0x000000000801cb5c        0x2 f:/altera/15.0/nios2eds/bin/gnu/h-x86_64-mingw32/bin/../lib/gcc/nios2-elf/4.9.1/../../../../../H-x86_64-mingw32/nios2-elf/lib\libc.a(lib_a-impure.o)
                                          0x4 (size before relaxing)
 *fill*         0x000000000801cb5e        0x2 
 .rodata.str1.4
                0x000000000801cb60        0xc f:/altera/15.0/nios2eds/bin/gnu/h-x86_64-mingw32/bin/../lib/gcc/nios2-elf/4.9.1/../../../../../H-x86_64-mingw32/nios2-elf/lib\libc.a(lib_a-locale.o)
                                         0x14 (size before relaxing)
 .rodata        0x000000000801cb6c      0x124 f:/altera/15.0/nios2eds/bin/gnu/h-x86_64-mingw32/bin/../lib/gcc/nios2-elf/4.9.1/../../../../../H-x86_64-mingw32/nios2-elf/lib\libc.a(lib_a-mprec.o)
                0x000000000801cb78                __mprec_tinytens
                0x000000000801cba0                __mprec_bigtens
                0x000000000801cbc8                __mprec_tens
 .rodata.str1.4
                0x0000000000000000       0x30 f:/altera/15.0/nios2eds/bin/gnu/h-x86_64-mingw32/bin/../lib/gcc/nios2-elf/4.9.1/../../../../../H-x86_64-mingw32/nios2-elf/lib\libc.a(lib_a-vfiprintf.o)
 .rodata        0x000000000801cc90       0x20 f:/altera/15.0/nios2eds/bin/gnu/h-x86_64-mingw32/bin/../lib/gcc/nios2-elf/4.9.1/../../../../../H-x86_64-mingw32/nios2-elf/lib\libc.a(lib_a-vfiprintf.o)
 .rodata        0x000000000801ccb0      0x100 f:/altera/15.0/nios2eds/bin/gnu/h-x86_64-mingw32/bin/../lib/gcc/nios2-elf/4.9.1\libgcc.a(_clz.o)
                0x000000000801ccb0                __clz_tab
 .rodata        0x000000000801cdb0        0xc ../Module2_Graphics_bsp/\libhal_bsp.a(alt_dev.o)
 .rodata        0x000000000801cdbc       0x14 ../Module2_Graphics_bsp/\libhal_bsp.a(alt_main.o)
 .rodata        0x000000000801cdd0       0x14 ../Module2_Graphics_bsp/\libhal_bsp.a(alt_sys_init.o)
 *(.rodata1)
                0x000000000801cde4                . = ALIGN (0x4)
                0x000000000801cde4                PROVIDE (__ram_rodata_end, ABSOLUTE (.))
                0x0000000008012050                PROVIDE (__flash_rodata_start, LOADADDR (.rodata))

.rwdata         0x000000000801cde4     0x1af0 load address 0x000000000801e8d4
                0x000000000801cde4                PROVIDE (__ram_rwdata_start, ABSOLUTE (.))
                0x000000000801cde4                . = ALIGN (0x4)
 *(.got.plt)
 *(.got)
 *(.data1)
 *(.data .data.* .gnu.linkonce.d.*)
 .data          0x000000000801cde4        0x0 ../Module2_Graphics_bsp//obj/HAL/src/crt0.o
 .data          0x000000000801cde4        0x0 obj/default/hello_world.o
 .data          0x000000000801cde4        0x0 f:/altera/15.0/nios2eds/bin/gnu/h-x86_64-mingw32/bin/../lib/gcc/nios2-elf/4.9.1/../../../../../H-x86_64-mingw32/nios2-elf/lib\libc.a(lib_a-atoi.o)
 .data          0x000000000801cde4        0x0 f:/altera/15.0/nios2eds/bin/gnu/h-x86_64-mingw32/bin/../lib/gcc/nios2-elf/4.9.1/../../../../../H-x86_64-mingw32/nios2-elf/lib\libc.a(lib_a-memcpy.o)
 .data          0x000000000801cde4        0x0 f:/altera/15.0/nios2eds/bin/gnu/h-x86_64-mingw32/bin/../lib/gcc/nios2-elf/4.9.1/../../../../../H-x86_64-mingw32/nios2-elf/lib\libc.a(lib_a-printf.o)
 .data          0x000000000801cde4        0x0 f:/altera/15.0/nios2eds/bin/gnu/h-x86_64-mingw32/bin/../lib/gcc/nios2-elf/4.9.1/../../../../../H-x86_64-mingw32/nios2-elf/lib\libc.a(lib_a-putchar.o)
 .data          0x000000000801cde4        0x0 f:/altera/15.0/nios2eds/bin/gnu/h-x86_64-mingw32/bin/../lib/gcc/nios2-elf/4.9.1/../../../../../H-x86_64-mingw32/nios2-elf/lib\libc.a(lib_a-puts.o)
 .data          0x000000000801cde4        0x0 f:/altera/15.0/nios2eds/bin/gnu/h-x86_64-mingw32/bin/../lib/gcc/nios2-elf/4.9.1/../../../../../H-x86_64-mingw32/nios2-elf/lib\libc.a(lib_a-strlen.o)
 .data          0x000000000801cde4        0x0 f:/altera/15.0/nios2eds/bin/gnu/h-x86_64-mingw32/bin/../lib/gcc/nios2-elf/4.9.1/../../../../../H-x86_64-mingw32/nios2-elf/lib\libc.a(lib_a-strtol.o)
 .data          0x000000000801cde4        0x0 f:/altera/15.0/nios2eds/bin/gnu/h-x86_64-mingw32/bin/../lib/gcc/nios2-elf/4.9.1/../../../../../H-x86_64-mingw32/nios2-elf/lib\libc.a(lib_a-vfprintf.o)
 .data          0x000000000801cde4        0x0 f:/altera/15.0/nios2eds/bin/gnu/h-x86_64-mingw32/bin/../lib/gcc/nios2-elf/4.9.1/../../../../../H-x86_64-mingw32/nios2-elf/lib\libc.a(lib_a-wsetup.o)
 .data          0x000000000801cde4        0x0 f:/altera/15.0/nios2eds/bin/gnu/h-x86_64-mingw32/bin/../lib/gcc/nios2-elf/4.9.1/../../../../../H-x86_64-mingw32/nios2-elf/lib\libc.a(lib_a-ctype_.o)
 .data          0x000000000801cde4        0x0 f:/altera/15.0/nios2eds/bin/gnu/h-x86_64-mingw32/bin/../lib/gcc/nios2-elf/4.9.1/../../../../../H-x86_64-mingw32/nios2-elf/lib\libc.a(lib_a-dtoa.o)
 .data          0x000000000801cde4        0x0 f:/altera/15.0/nios2eds/bin/gnu/h-x86_64-mingw32/bin/../lib/gcc/nios2-elf/4.9.1/../../../../../H-x86_64-mingw32/nios2-elf/lib\libc.a(lib_a-fflush.o)
 .data          0x000000000801cde4        0x0 f:/altera/15.0/nios2eds/bin/gnu/h-x86_64-mingw32/bin/../lib/gcc/nios2-elf/4.9.1/../../../../../H-x86_64-mingw32/nios2-elf/lib\libc.a(lib_a-findfp.o)
 .data          0x000000000801cde4        0x0 f:/altera/15.0/nios2eds/bin/gnu/h-x86_64-mingw32/bin/../lib/gcc/nios2-elf/4.9.1/../../../../../H-x86_64-mingw32/nios2-elf/lib\libc.a(lib_a-freer.o)
 .data          0x000000000801cde4        0x0 f:/altera/15.0/nios2eds/bin/gnu/h-x86_64-mingw32/bin/../lib/gcc/nios2-elf/4.9.1/../../../../../H-x86_64-mingw32/nios2-elf/lib\libc.a(lib_a-fvwrite.o)
 .data          0x000000000801cde4        0x0 f:/altera/15.0/nios2eds/bin/gnu/h-x86_64-mingw32/bin/../lib/gcc/nios2-elf/4.9.1/../../../../../H-x86_64-mingw32/nios2-elf/lib\libc.a(lib_a-fwalk.o)
 .data          0x000000000801cde4      0x424 f:/altera/15.0/nios2eds/bin/gnu/h-x86_64-mingw32/bin/../lib/gcc/nios2-elf/4.9.1/../../../../../H-x86_64-mingw32/nios2-elf/lib\libc.a(lib_a-impure.o)
 .data          0x000000000801d208       0x78 f:/altera/15.0/nios2eds/bin/gnu/h-x86_64-mingw32/bin/../lib/gcc/nios2-elf/4.9.1/../../../../../H-x86_64-mingw32/nios2-elf/lib\libc.a(lib_a-locale.o)
 .data          0x000000000801d280        0x0 f:/altera/15.0/nios2eds/bin/gnu/h-x86_64-mingw32/bin/../lib/gcc/nios2-elf/4.9.1/../../../../../H-x86_64-mingw32/nios2-elf/lib\libc.a(lib_a-makebuf.o)
 .data          0x000000000801d280      0x408 f:/altera/15.0/nios2eds/bin/gnu/h-x86_64-mingw32/bin/../lib/gcc/nios2-elf/4.9.1/../../../../../H-x86_64-mingw32/nios2-elf/lib\libc.a(lib_a-mallocr.o)
                0x000000000801d280                __malloc_av_
 .data          0x000000000801d688        0x0 f:/altera/15.0/nios2eds/bin/gnu/h-x86_64-mingw32/bin/../lib/gcc/nios2-elf/4.9.1/../../../../../H-x86_64-mingw32/nios2-elf/lib\libc.a(lib_a-memchr.o)
 .data          0x000000000801d688        0x0 f:/altera/15.0/nios2eds/bin/gnu/h-x86_64-mingw32/bin/../lib/gcc/nios2-elf/4.9.1/../../../../../H-x86_64-mingw32/nios2-elf/lib\libc.a(lib_a-memmove.o)
 .data          0x000000000801d688        0x0 f:/altera/15.0/nios2eds/bin/gnu/h-x86_64-mingw32/bin/../lib/gcc/nios2-elf/4.9.1/../../../../../H-x86_64-mingw32/nios2-elf/lib\libc.a(lib_a-memset.o)
 .data          0x000000000801d688        0x0 f:/altera/15.0/nios2eds/bin/gnu/h-x86_64-mingw32/bin/../lib/gcc/nios2-elf/4.9.1/../../../../../H-x86_64-mingw32/nios2-elf/lib\libc.a(lib_a-mprec.o)
 .data          0x000000000801d688        0x0 f:/altera/15.0/nios2eds/bin/gnu/h-x86_64-mingw32/bin/../lib/gcc/nios2-elf/4.9.1/../../../../../H-x86_64-mingw32/nios2-elf/lib\libc.a(lib_a-putc.o)
 .data          0x000000000801d688        0x0 f:/altera/15.0/nios2eds/bin/gnu/h-x86_64-mingw32/bin/../lib/gcc/nios2-elf/4.9.1/../../../../../H-x86_64-mingw32/nios2-elf/lib\libc.a(lib_a-reallocr.o)
 .data          0x000000000801d688        0x0 f:/altera/15.0/nios2eds/bin/gnu/h-x86_64-mingw32/bin/../lib/gcc/nios2-elf/4.9.1/../../../../../H-x86_64-mingw32/nios2-elf/lib\libc.a(lib_a-s_fpclassify.o)
 .data          0x000000000801d688        0x0 f:/altera/15.0/nios2eds/bin/gnu/h-x86_64-mingw32/bin/../lib/gcc/nios2-elf/4.9.1/../../../../../H-x86_64-mingw32/nios2-elf/lib\libc.a(lib_a-sbrkr.o)
 .data          0x000000000801d688        0x0 f:/altera/15.0/nios2eds/bin/gnu/h-x86_64-mingw32/bin/../lib/gcc/nios2-elf/4.9.1/../../../../../H-x86_64-mingw32/nios2-elf/lib\libc.a(lib_a-stdio.o)
 .data          0x000000000801d688        0x0 f:/altera/15.0/nios2eds/bin/gnu/h-x86_64-mingw32/bin/../lib/gcc/nios2-elf/4.9.1/../../../../../H-x86_64-mingw32/nios2-elf/lib\libc.a(lib_a-strcmp.o)
 .data          0x000000000801d688        0x0 f:/altera/15.0/nios2eds/bin/gnu/h-x86_64-mingw32/bin/../lib/gcc/nios2-elf/4.9.1/../../../../../H-x86_64-mingw32/nios2-elf/lib\libc.a(lib_a-vfiprintf.o)
 .data          0x000000000801d688        0x0 f:/altera/15.0/nios2eds/bin/gnu/h-x86_64-mingw32/bin/../lib/gcc/nios2-elf/4.9.1/../../../../../H-x86_64-mingw32/nios2-elf/lib\libc.a(lib_a-wbuf.o)
 .data          0x000000000801d688        0x0 f:/altera/15.0/nios2eds/bin/gnu/h-x86_64-mingw32/bin/../lib/gcc/nios2-elf/4.9.1/../../../../../H-x86_64-mingw32/nios2-elf/lib\libc.a(lib_a-writer.o)
 .data          0x000000000801d688        0x0 f:/altera/15.0/nios2eds/bin/gnu/h-x86_64-mingw32/bin/../lib/gcc/nios2-elf/4.9.1/../../../../../H-x86_64-mingw32/nios2-elf/lib\libc.a(closer.o)
 .data          0x000000000801d688        0x0 f:/altera/15.0/nios2eds/bin/gnu/h-x86_64-mingw32/bin/../lib/gcc/nios2-elf/4.9.1/../../../../../H-x86_64-mingw32/nios2-elf/lib\libc.a(lib_a-callocr.o)
 .data          0x000000000801d688        0x0 f:/altera/15.0/nios2eds/bin/gnu/h-x86_64-mingw32/bin/../lib/gcc/nios2-elf/4.9.1/../../../../../H-x86_64-mingw32/nios2-elf/lib\libc.a(lib_a-fclose.o)
 .data          0x000000000801d688        0x0 f:/altera/15.0/nios2eds/bin/gnu/h-x86_64-mingw32/bin/../lib/gcc/nios2-elf/4.9.1/../../../../../H-x86_64-mingw32/nios2-elf/lib\libc.a(lib_a-fputwc.o)
 .data          0x000000000801d688        0x0 f:/altera/15.0/nios2eds/bin/gnu/h-x86_64-mingw32/bin/../lib/gcc/nios2-elf/4.9.1/../../../../../H-x86_64-mingw32/nios2-elf/lib\libc.a(lib_a-fstatr.o)
 .data          0x000000000801d688        0x0 f:/altera/15.0/nios2eds/bin/gnu/h-x86_64-mingw32/bin/../lib/gcc/nios2-elf/4.9.1/../../../../../H-x86_64-mingw32/nios2-elf/lib\libc.a(lib_a-int_errno.o)
 .data          0x000000000801d688        0x0 f:/altera/15.0/nios2eds/bin/gnu/h-x86_64-mingw32/bin/../lib/gcc/nios2-elf/4.9.1/../../../../../H-x86_64-mingw32/nios2-elf/lib\libc.a(lib_a-isattyr.o)
 .data          0x000000000801d688        0x0 f:/altera/15.0/nios2eds/bin/gnu/h-x86_64-mingw32/bin/../lib/gcc/nios2-elf/4.9.1/../../../../../H-x86_64-mingw32/nios2-elf/lib\libc.a(lib_a-lseekr.o)
 .data          0x000000000801d688        0x0 f:/altera/15.0/nios2eds/bin/gnu/h-x86_64-mingw32/bin/../lib/gcc/nios2-elf/4.9.1/../../../../../H-x86_64-mingw32/nios2-elf/lib\libc.a(lib_a-readr.o)
 .data          0x000000000801d688        0x0 f:/altera/15.0/nios2eds/bin/gnu/h-x86_64-mingw32/bin/../lib/gcc/nios2-elf/4.9.1/../../../../../H-x86_64-mingw32/nios2-elf/lib\libc.a(lib_a-wcrtomb.o)
 .data          0x000000000801d688        0x0 f:/altera/15.0/nios2eds/bin/gnu/h-x86_64-mingw32/bin/../lib/gcc/nios2-elf/4.9.1/../../../../../H-x86_64-mingw32/nios2-elf/lib\libc.a(lib_a-wctomb_r.o)
 .data          0x000000000801d688        0x0 f:/altera/15.0/nios2eds/bin/gnu/h-x86_64-mingw32/bin/../lib/gcc/nios2-elf/4.9.1\libgcc.a(_udivdi3.o)
 .data          0x000000000801d688        0x0 f:/altera/15.0/nios2eds/bin/gnu/h-x86_64-mingw32/bin/../lib/gcc/nios2-elf/4.9.1\libgcc.a(_umoddi3.o)
 .data          0x000000000801d688        0x0 f:/altera/15.0/nios2eds/bin/gnu/h-x86_64-mingw32/bin/../lib/gcc/nios2-elf/4.9.1\libgcc.a(lib2-divmod.o)
 .data          0x000000000801d688        0x0 f:/altera/15.0/nios2eds/bin/gnu/h-x86_64-mingw32/bin/../lib/gcc/nios2-elf/4.9.1\libgcc.a(adddf3.o)
 .data          0x000000000801d688        0x0 f:/altera/15.0/nios2eds/bin/gnu/h-x86_64-mingw32/bin/../lib/gcc/nios2-elf/4.9.1\libgcc.a(divdf3.o)
 .data          0x000000000801d688        0x0 f:/altera/15.0/nios2eds/bin/gnu/h-x86_64-mingw32/bin/../lib/gcc/nios2-elf/4.9.1\libgcc.a(eqdf2.o)
 .data          0x000000000801d688        0x0 f:/altera/15.0/nios2eds/bin/gnu/h-x86_64-mingw32/bin/../lib/gcc/nios2-elf/4.9.1\libgcc.a(gedf2.o)
 .data          0x000000000801d688        0x0 f:/altera/15.0/nios2eds/bin/gnu/h-x86_64-mingw32/bin/../lib/gcc/nios2-elf/4.9.1\libgcc.a(ledf2.o)
 .data          0x000000000801d688        0x0 f:/altera/15.0/nios2eds/bin/gnu/h-x86_64-mingw32/bin/../lib/gcc/nios2-elf/4.9.1\libgcc.a(muldf3.o)
 .data          0x000000000801d688        0x0 f:/altera/15.0/nios2eds/bin/gnu/h-x86_64-mingw32/bin/../lib/gcc/nios2-elf/4.9.1\libgcc.a(subdf3.o)
 .data          0x000000000801d688        0x0 f:/altera/15.0/nios2eds/bin/gnu/h-x86_64-mingw32/bin/../lib/gcc/nios2-elf/4.9.1\libgcc.a(fixdfsi.o)
 .data          0x000000000801d688        0x0 f:/altera/15.0/nios2eds/bin/gnu/h-x86_64-mingw32/bin/../lib/gcc/nios2-elf/4.9.1\libgcc.a(floatsidf.o)
 .data          0x000000000801d688        0x0 f:/altera/15.0/nios2eds/bin/gnu/h-x86_64-mingw32/bin/../lib/gcc/nios2-elf/4.9.1\libgcc.a(floatunsidf.o)
 .data          0x000000000801d688        0x0 f:/altera/15.0/nios2eds/bin/gnu/h-x86_64-mingw32/bin/../lib/gcc/nios2-elf/4.9.1\libgcc.a(_clz.o)
 .data          0x000000000801d688        0x0 f:/altera/15.0/nios2eds/bin/gnu/h-x86_64-mingw32/bin/../lib/gcc/nios2-elf/4.9.1\libgcc.a(_clzsi2.o)
 .data          0x000000000801d688        0x0 ../Module2_Graphics_bsp/\libhal_bsp.a(alt_close.o)
 .data          0x000000000801d688      0x1a8 ../Module2_Graphics_bsp/\libhal_bsp.a(alt_dev.o)
                0x000000000801d688                alt_dev_null
                0x000000000801d6b0                alt_fd_list
 .data          0x000000000801d830        0x0 ../Module2_Graphics_bsp/\libhal_bsp.a(alt_errno.o)
 .data          0x000000000801d830        0x0 ../Module2_Graphics_bsp/\libhal_bsp.a(alt_fstat.o)
 .data          0x000000000801d830        0x0 ../Module2_Graphics_bsp/\libhal_bsp.a(alt_isatty.o)
 .data          0x000000000801d830        0x0 ../Module2_Graphics_bsp/\libhal_bsp.a(alt_load.o)
 .data          0x000000000801d830        0x0 ../Module2_Graphics_bsp/\libhal_bsp.a(alt_lseek.o)
 .data          0x000000000801d830        0x0 ../Module2_Graphics_bsp/\libhal_bsp.a(alt_main.o)
 .data          0x000000000801d830        0x0 ../Module2_Graphics_bsp/\libhal_bsp.a(alt_malloc_lock.o)
 .data          0x000000000801d830        0x0 ../Module2_Graphics_bsp/\libhal_bsp.a(alt_read.o)
 .data          0x000000000801d830        0x0 ../Module2_Graphics_bsp/\libhal_bsp.a(alt_release_fd.o)
 .data          0x000000000801d830        0x0 ../Module2_Graphics_bsp/\libhal_bsp.a(alt_sbrk.o)
 .data          0x000000000801d830        0x0 ../Module2_Graphics_bsp/\libhal_bsp.a(alt_usleep.o)
 .data          0x000000000801d830        0x0 ../Module2_Graphics_bsp/\libhal_bsp.a(alt_write.o)
 .data          0x000000000801d830     0x1060 ../Module2_Graphics_bsp/\libhal_bsp.a(alt_sys_init.o)
 .data          0x000000000801e890        0x0 ../Module2_Graphics_bsp/\libhal_bsp.a(altera_avalon_jtag_uart_fd.o)
 .data          0x000000000801e890        0x0 ../Module2_Graphics_bsp/\libhal_bsp.a(altera_avalon_jtag_uart_init.o)
 .data          0x000000000801e890        0x0 ../Module2_Graphics_bsp/\libhal_bsp.a(altera_avalon_jtag_uart_ioctl.o)
 .data          0x000000000801e890        0x0 ../Module2_Graphics_bsp/\libhal_bsp.a(altera_avalon_jtag_uart_read.o)
 .data          0x000000000801e890        0x0 ../Module2_Graphics_bsp/\libhal_bsp.a(altera_avalon_jtag_uart_write.o)
 .data          0x000000000801e890        0x0 ../Module2_Graphics_bsp/\libhal_bsp.a(altera_avalon_timer_sc.o)
 .data          0x000000000801e890        0x0 ../Module2_Graphics_bsp/\libhal_bsp.a(alt_alarm_start.o)
 .data          0x000000000801e890        0x0 ../Module2_Graphics_bsp/\libhal_bsp.a(alt_busy_sleep.o)
 .data          0x000000000801e890        0x0 ../Module2_Graphics_bsp/\libhal_bsp.a(alt_dcache_flush_all.o)
 .data          0x000000000801e890        0x0 ../Module2_Graphics_bsp/\libhal_bsp.a(alt_dev_llist_insert.o)
 .data          0x000000000801e890        0x0 ../Module2_Graphics_bsp/\libhal_bsp.a(alt_do_ctors.o)
 .data          0x000000000801e890        0x0 ../Module2_Graphics_bsp/\libhal_bsp.a(alt_do_dtors.o)
 .data          0x000000000801e890        0x0 ../Module2_Graphics_bsp/\libhal_bsp.a(alt_icache_flush_all.o)
 .data          0x000000000801e890        0x0 ../Module2_Graphics_bsp/\libhal_bsp.a(alt_iic.o)
 .data          0x000000000801e890        0x0 ../Module2_Graphics_bsp/\libhal_bsp.a(alt_iic_isr_register.o)
 .data          0x000000000801e890        0x0 ../Module2_Graphics_bsp/\libhal_bsp.a(alt_io_redirect.o)
 .data          0x000000000801e890        0x0 ../Module2_Graphics_bsp/\libhal_bsp.a(alt_irq_entry.o)
 .data          0x000000000801e890        0x0 ../Module2_Graphics_bsp/\libhal_bsp.a(alt_irq_handler.o)
 .data          0x000000000801e890        0x0 ../Module2_Graphics_bsp/\libhal_bsp.a(alt_irq_vars.o)
 .data          0x000000000801e890        0x0 ../Module2_Graphics_bsp/\libhal_bsp.a(alt_open.o)
 .data          0x000000000801e890        0x0 ../Module2_Graphics_bsp/\libhal_bsp.a(alt_tick.o)
 .data          0x000000000801e890        0x0 ../Module2_Graphics_bsp/\libhal_bsp.a(altera_nios2_qsys_irq.o)
 .data          0x000000000801e890        0x0 ../Module2_Graphics_bsp/\libhal_bsp.a(alt_exception_entry.o)
 .data          0x000000000801e890        0x0 ../Module2_Graphics_bsp/\libhal_bsp.a(alt_find_dev.o)
 .data          0x000000000801e890        0x0 ../Module2_Graphics_bsp/\libhal_bsp.a(alt_find_file.o)
 .data          0x000000000801e890        0x0 ../Module2_Graphics_bsp/\libhal_bsp.a(alt_get_fd.o)
 .data          0x000000000801e890        0x0 ../Module2_Graphics_bsp/\libhal_bsp.a(alt_icache_flush.o)
 .data          0x000000000801e890        0x0 f:/altera/15.0/nios2eds/bin/gnu/h-x86_64-mingw32/bin/../lib/gcc/nios2-elf/4.9.1/../../../../../H-x86_64-mingw32/nios2-elf/lib\libc.a(lib_a-atexit.o)
 .data          0x000000000801e890        0x0 f:/altera/15.0/nios2eds/bin/gnu/h-x86_64-mingw32/bin/../lib/gcc/nios2-elf/4.9.1/../../../../../H-x86_64-mingw32/nios2-elf/lib\libc.a(lib_a-exit.o)
 .data          0x000000000801e890        0x0 f:/altera/15.0/nios2eds/bin/gnu/h-x86_64-mingw32/bin/../lib/gcc/nios2-elf/4.9.1/../../../../../H-x86_64-mingw32/nios2-elf/lib\libc.a(lib_a-memcmp.o)
 .data          0x000000000801e890        0x0 f:/altera/15.0/nios2eds/bin/gnu/h-x86_64-mingw32/bin/../lib/gcc/nios2-elf/4.9.1/../../../../../H-x86_64-mingw32/nios2-elf/lib\libc.a(lib_a-__atexit.o)
 .data          0x000000000801e890        0x0 f:/altera/15.0/nios2eds/bin/gnu/h-x86_64-mingw32/bin/../lib/gcc/nios2-elf/4.9.1/../../../../../H-x86_64-mingw32/nios2-elf/lib\libc.a(lib_a-__call_atexit.o)
 .data          0x000000000801e890        0x0 ../Module2_Graphics_bsp/\libhal_bsp.a(alt_exit.o)
                0x0000000008026890                _gp = ABSOLUTE ((. + 0x8000))
                0x0000000008026890                PROVIDE (gp, _gp)
 *(.rwdata .rwdata.*)
 *(.sdata .sdata.* .gnu.linkonce.s.*)
 .sdata         0x000000000801e890        0x4 f:/altera/15.0/nios2eds/bin/gnu/h-x86_64-mingw32/bin/../lib/gcc/nios2-elf/4.9.1/../../../../../H-x86_64-mingw32/nios2-elf/lib\libc.a(lib_a-ctype_.o)
                0x000000000801e890                __ctype_ptr__
 .sdata         0x000000000801e894        0x8 f:/altera/15.0/nios2eds/bin/gnu/h-x86_64-mingw32/bin/../lib/gcc/nios2-elf/4.9.1/../../../../../H-x86_64-mingw32/nios2-elf/lib\libc.a(lib_a-impure.o)
                0x000000000801e894                _global_impure_ptr
                0x000000000801e898                _impure_ptr
 .sdata         0x000000000801e89c        0x4 f:/altera/15.0/nios2eds/bin/gnu/h-x86_64-mingw32/bin/../lib/gcc/nios2-elf/4.9.1/../../../../../H-x86_64-mingw32/nios2-elf/lib\libc.a(lib_a-locale.o)
                0x000000000801e89c                __mb_cur_max
 .sdata         0x000000000801e8a0        0x8 f:/altera/15.0/nios2eds/bin/gnu/h-x86_64-mingw32/bin/../lib/gcc/nios2-elf/4.9.1/../../../../../H-x86_64-mingw32/nios2-elf/lib\libc.a(lib_a-mallocr.o)
                0x000000000801e8a0                __malloc_sbrk_base
                0x000000000801e8a4                __malloc_trim_threshold
 .sdata         0x000000000801e8a8        0x4 f:/altera/15.0/nios2eds/bin/gnu/h-x86_64-mingw32/bin/../lib/gcc/nios2-elf/4.9.1/../../../../../H-x86_64-mingw32/nios2-elf/lib\libc.a(lib_a-wctomb_r.o)
                0x000000000801e8a8                __wctomb
 .sdata         0x000000000801e8ac       0x14 ../Module2_Graphics_bsp/\libhal_bsp.a(alt_dev.o)
                0x000000000801e8ac                alt_fs_list
                0x000000000801e8b4                alt_dev_list
                0x000000000801e8bc                alt_max_fd
 .sdata         0x000000000801e8c0        0x4 ../Module2_Graphics_bsp/\libhal_bsp.a(alt_errno.o)
                0x000000000801e8c0                alt_errno
 .sdata         0x000000000801e8c4        0x4 ../Module2_Graphics_bsp/\libhal_bsp.a(alt_sbrk.o)
 .sdata         0x000000000801e8c8        0x4 ../Module2_Graphics_bsp/\libhal_bsp.a(alt_irq_vars.o)
                0x000000000801e8c8                alt_priority_mask
 .sdata         0x000000000801e8cc        0x8 ../Module2_Graphics_bsp/\libhal_bsp.a(alt_tick.o)
                0x000000000801e8cc                alt_alarm_list
 *(.sdata2 .sdata2.* .gnu.linkonce.s2.*)
                0x000000000801e8d4                . = ALIGN (0x4)
                0x000000000801e8d4                _edata = ABSOLUTE (.)
                0x000000000801e8d4                PROVIDE (edata, ABSOLUTE (.))
                0x000000000801e8d4                PROVIDE (__ram_rwdata_end, ABSOLUTE (.))
                0x000000000801e8d4                PROVIDE (__flash_rwdata_start, LOADADDR (.rwdata))

.bss            0x00000000080203c4      0x200
                0x00000000080203c4                __bss_start = ABSOLUTE (.)
                0x00000000080203c4                PROVIDE (__sbss_start, ABSOLUTE (.))
                0x00000000080203c4                PROVIDE (___sbss_start, ABSOLUTE (.))
 *(.dynsbss)
 *(.sbss .sbss.* .gnu.linkonce.sb.*)
 .sbss          0x00000000080203c4        0x4 obj/default/hello_world.o
                0x00000000080203c4                temp_color
 .sbss          0x00000000080203c8        0xc f:/altera/15.0/nios2eds/bin/gnu/h-x86_64-mingw32/bin/../lib/gcc/nios2-elf/4.9.1/../../../../../H-x86_64-mingw32/nios2-elf/lib\libc.a(lib_a-locale.o)
                0x00000000080203c8                _PathLocale
                0x00000000080203cc                __mlocale_changed
                0x00000000080203d0                __nlocale_changed
 .sbss          0x00000000080203d4        0xc f:/altera/15.0/nios2eds/bin/gnu/h-x86_64-mingw32/bin/../lib/gcc/nios2-elf/4.9.1/../../../../../H-x86_64-mingw32/nios2-elf/lib\libc.a(lib_a-mallocr.o)
                0x00000000080203d4                __malloc_max_total_mem
                0x00000000080203d8                __malloc_max_sbrked_mem
                0x00000000080203dc                __malloc_top_pad
 .sbss          0x00000000080203e0        0x4 f:/altera/15.0/nios2eds/bin/gnu/h-x86_64-mingw32/bin/../lib/gcc/nios2-elf/4.9.1/../../../../../H-x86_64-mingw32/nios2-elf/lib\libc.a(lib_a-int_errno.o)
                0x00000000080203e0                errno
 .sbss          0x00000000080203e4        0xc ../Module2_Graphics_bsp/\libhal_bsp.a(alt_main.o)
                0x00000000080203e4                alt_argc
                0x00000000080203e8                alt_argv
                0x00000000080203ec                alt_envp
 .sbss          0x00000000080203f0        0x4 ../Module2_Graphics_bsp/\libhal_bsp.a(alt_irq_vars.o)
                0x00000000080203f0                alt_irq_active
 .sbss          0x00000000080203f4        0x8 ../Module2_Graphics_bsp/\libhal_bsp.a(alt_tick.o)
                0x00000000080203f4                _alt_tick_rate
                0x00000000080203f8                _alt_nticks
 *(.sbss2 .sbss2.* .gnu.linkonce.sb2.*)
 *(.scommon)
                0x00000000080203fc                PROVIDE (__sbss_end, ABSOLUTE (.))
                0x00000000080203fc                PROVIDE (___sbss_end, ABSOLUTE (.))
 *(.dynbss)
 *(.bss .bss.* .gnu.linkonce.b.*)
 .bss           0x00000000080203fc        0x0 ../Module2_Graphics_bsp//obj/HAL/src/crt0.o
 .bss           0x00000000080203fc        0x0 obj/default/hello_world.o
 .bss           0x00000000080203fc        0x0 f:/altera/15.0/nios2eds/bin/gnu/h-x86_64-mingw32/bin/../lib/gcc/nios2-elf/4.9.1/../../../../../H-x86_64-mingw32/nios2-elf/lib\libc.a(lib_a-atoi.o)
 .bss           0x00000000080203fc        0x0 f:/altera/15.0/nios2eds/bin/gnu/h-x86_64-mingw32/bin/../lib/gcc/nios2-elf/4.9.1/../../../../../H-x86_64-mingw32/nios2-elf/lib\libc.a(lib_a-memcpy.o)
 .bss           0x00000000080203fc        0x0 f:/altera/15.0/nios2eds/bin/gnu/h-x86_64-mingw32/bin/../lib/gcc/nios2-elf/4.9.1/../../../../../H-x86_64-mingw32/nios2-elf/lib\libc.a(lib_a-printf.o)
 .bss           0x00000000080203fc        0x0 f:/altera/15.0/nios2eds/bin/gnu/h-x86_64-mingw32/bin/../lib/gcc/nios2-elf/4.9.1/../../../../../H-x86_64-mingw32/nios2-elf/lib\libc.a(lib_a-putchar.o)
 .bss           0x00000000080203fc        0x0 f:/altera/15.0/nios2eds/bin/gnu/h-x86_64-mingw32/bin/../lib/gcc/nios2-elf/4.9.1/../../../../../H-x86_64-mingw32/nios2-elf/lib\libc.a(lib_a-puts.o)
 .bss           0x00000000080203fc        0x0 f:/altera/15.0/nios2eds/bin/gnu/h-x86_64-mingw32/bin/../lib/gcc/nios2-elf/4.9.1/../../../../../H-x86_64-mingw32/nios2-elf/lib\libc.a(lib_a-strlen.o)
 .bss           0x00000000080203fc        0x0 f:/altera/15.0/nios2eds/bin/gnu/h-x86_64-mingw32/bin/../lib/gcc/nios2-elf/4.9.1/../../../../../H-x86_64-mingw32/nios2-elf/lib\libc.a(lib_a-strtol.o)
 .bss           0x00000000080203fc        0x0 f:/altera/15.0/nios2eds/bin/gnu/h-x86_64-mingw32/bin/../lib/gcc/nios2-elf/4.9.1/../../../../../H-x86_64-mingw32/nios2-elf/lib\libc.a(lib_a-vfprintf.o)
 .bss           0x00000000080203fc        0x0 f:/altera/15.0/nios2eds/bin/gnu/h-x86_64-mingw32/bin/../lib/gcc/nios2-elf/4.9.1/../../../../../H-x86_64-mingw32/nios2-elf/lib\libc.a(lib_a-wsetup.o)
 .bss           0x00000000080203fc        0x0 f:/altera/15.0/nios2eds/bin/gnu/h-x86_64-mingw32/bin/../lib/gcc/nios2-elf/4.9.1/../../../../../H-x86_64-mingw32/nios2-elf/lib\libc.a(lib_a-ctype_.o)
 .bss           0x00000000080203fc        0x0 f:/altera/15.0/nios2eds/bin/gnu/h-x86_64-mingw32/bin/../lib/gcc/nios2-elf/4.9.1/../../../../../H-x86_64-mingw32/nios2-elf/lib\libc.a(lib_a-dtoa.o)
 .bss           0x00000000080203fc        0x0 f:/altera/15.0/nios2eds/bin/gnu/h-x86_64-mingw32/bin/../lib/gcc/nios2-elf/4.9.1/../../../../../H-x86_64-mingw32/nios2-elf/lib\libc.a(lib_a-fflush.o)
 .bss           0x00000000080203fc        0x0 f:/altera/15.0/nios2eds/bin/gnu/h-x86_64-mingw32/bin/../lib/gcc/nios2-elf/4.9.1/../../../../../H-x86_64-mingw32/nios2-elf/lib\libc.a(lib_a-findfp.o)
 .bss           0x00000000080203fc        0x0 f:/altera/15.0/nios2eds/bin/gnu/h-x86_64-mingw32/bin/../lib/gcc/nios2-elf/4.9.1/../../../../../H-x86_64-mingw32/nios2-elf/lib\libc.a(lib_a-freer.o)
 .bss           0x00000000080203fc        0x0 f:/altera/15.0/nios2eds/bin/gnu/h-x86_64-mingw32/bin/../lib/gcc/nios2-elf/4.9.1/../../../../../H-x86_64-mingw32/nios2-elf/lib\libc.a(lib_a-fvwrite.o)
 .bss           0x00000000080203fc        0x0 f:/altera/15.0/nios2eds/bin/gnu/h-x86_64-mingw32/bin/../lib/gcc/nios2-elf/4.9.1/../../../../../H-x86_64-mingw32/nios2-elf/lib\libc.a(lib_a-fwalk.o)
 .bss           0x00000000080203fc        0x0 f:/altera/15.0/nios2eds/bin/gnu/h-x86_64-mingw32/bin/../lib/gcc/nios2-elf/4.9.1/../../../../../H-x86_64-mingw32/nios2-elf/lib\libc.a(lib_a-impure.o)
 .bss           0x00000000080203fc        0x0 f:/altera/15.0/nios2eds/bin/gnu/h-x86_64-mingw32/bin/../lib/gcc/nios2-elf/4.9.1/../../../../../H-x86_64-mingw32/nios2-elf/lib\libc.a(lib_a-locale.o)
 .bss           0x00000000080203fc        0x0 f:/altera/15.0/nios2eds/bin/gnu/h-x86_64-mingw32/bin/../lib/gcc/nios2-elf/4.9.1/../../../../../H-x86_64-mingw32/nios2-elf/lib\libc.a(lib_a-makebuf.o)
 .bss           0x00000000080203fc       0x28 f:/altera/15.0/nios2eds/bin/gnu/h-x86_64-mingw32/bin/../lib/gcc/nios2-elf/4.9.1/../../../../../H-x86_64-mingw32/nios2-elf/lib\libc.a(lib_a-mallocr.o)
                0x00000000080203fc                __malloc_current_mallinfo
 .bss           0x0000000008020424        0x0 f:/altera/15.0/nios2eds/bin/gnu/h-x86_64-mingw32/bin/../lib/gcc/nios2-elf/4.9.1/../../../../../H-x86_64-mingw32/nios2-elf/lib\libc.a(lib_a-memchr.o)
 .bss           0x0000000008020424        0x0 f:/altera/15.0/nios2eds/bin/gnu/h-x86_64-mingw32/bin/../lib/gcc/nios2-elf/4.9.1/../../../../../H-x86_64-mingw32/nios2-elf/lib\libc.a(lib_a-memmove.o)
 .bss           0x0000000008020424        0x0 f:/altera/15.0/nios2eds/bin/gnu/h-x86_64-mingw32/bin/../lib/gcc/nios2-elf/4.9.1/../../../../../H-x86_64-mingw32/nios2-elf/lib\libc.a(lib_a-memset.o)
 .bss           0x0000000008020424        0x0 f:/altera/15.0/nios2eds/bin/gnu/h-x86_64-mingw32/bin/../lib/gcc/nios2-elf/4.9.1/../../../../../H-x86_64-mingw32/nios2-elf/lib\libc.a(lib_a-mprec.o)
 .bss           0x0000000008020424        0x0 f:/altera/15.0/nios2eds/bin/gnu/h-x86_64-mingw32/bin/../lib/gcc/nios2-elf/4.9.1/../../../../../H-x86_64-mingw32/nios2-elf/lib\libc.a(lib_a-putc.o)
 .bss           0x0000000008020424        0x0 f:/altera/15.0/nios2eds/bin/gnu/h-x86_64-mingw32/bin/../lib/gcc/nios2-elf/4.9.1/../../../../../H-x86_64-mingw32/nios2-elf/lib\libc.a(lib_a-reallocr.o)
 .bss           0x0000000008020424        0x0 f:/altera/15.0/nios2eds/bin/gnu/h-x86_64-mingw32/bin/../lib/gcc/nios2-elf/4.9.1/../../../../../H-x86_64-mingw32/nios2-elf/lib\libc.a(lib_a-s_fpclassify.o)
 .bss           0x0000000008020424        0x0 f:/altera/15.0/nios2eds/bin/gnu/h-x86_64-mingw32/bin/../lib/gcc/nios2-elf/4.9.1/../../../../../H-x86_64-mingw32/nios2-elf/lib\libc.a(lib_a-sbrkr.o)
 .bss           0x0000000008020424        0x0 f:/altera/15.0/nios2eds/bin/gnu/h-x86_64-mingw32/bin/../lib/gcc/nios2-elf/4.9.1/../../../../../H-x86_64-mingw32/nios2-elf/lib\libc.a(lib_a-stdio.o)
 .bss           0x0000000008020424        0x0 f:/altera/15.0/nios2eds/bin/gnu/h-x86_64-mingw32/bin/../lib/gcc/nios2-elf/4.9.1/../../../../../H-x86_64-mingw32/nios2-elf/lib\libc.a(lib_a-strcmp.o)
 .bss           0x0000000008020424        0x0 f:/altera/15.0/nios2eds/bin/gnu/h-x86_64-mingw32/bin/../lib/gcc/nios2-elf/4.9.1/../../../../../H-x86_64-mingw32/nios2-elf/lib\libc.a(lib_a-vfiprintf.o)
 .bss           0x0000000008020424        0x0 f:/altera/15.0/nios2eds/bin/gnu/h-x86_64-mingw32/bin/../lib/gcc/nios2-elf/4.9.1/../../../../../H-x86_64-mingw32/nios2-elf/lib\libc.a(lib_a-wbuf.o)
 .bss           0x0000000008020424        0x0 f:/altera/15.0/nios2eds/bin/gnu/h-x86_64-mingw32/bin/../lib/gcc/nios2-elf/4.9.1/../../../../../H-x86_64-mingw32/nios2-elf/lib\libc.a(lib_a-writer.o)
 .bss           0x0000000008020424        0x0 f:/altera/15.0/nios2eds/bin/gnu/h-x86_64-mingw32/bin/../lib/gcc/nios2-elf/4.9.1/../../../../../H-x86_64-mingw32/nios2-elf/lib\libc.a(closer.o)
 .bss           0x0000000008020424        0x0 f:/altera/15.0/nios2eds/bin/gnu/h-x86_64-mingw32/bin/../lib/gcc/nios2-elf/4.9.1/../../../../../H-x86_64-mingw32/nios2-elf/lib\libc.a(lib_a-callocr.o)
 .bss           0x0000000008020424        0x0 f:/altera/15.0/nios2eds/bin/gnu/h-x86_64-mingw32/bin/../lib/gcc/nios2-elf/4.9.1/../../../../../H-x86_64-mingw32/nios2-elf/lib\libc.a(lib_a-fclose.o)
 .bss           0x0000000008020424        0x0 f:/altera/15.0/nios2eds/bin/gnu/h-x86_64-mingw32/bin/../lib/gcc/nios2-elf/4.9.1/../../../../../H-x86_64-mingw32/nios2-elf/lib\libc.a(lib_a-fputwc.o)
 .bss           0x0000000008020424        0x0 f:/altera/15.0/nios2eds/bin/gnu/h-x86_64-mingw32/bin/../lib/gcc/nios2-elf/4.9.1/../../../../../H-x86_64-mingw32/nios2-elf/lib\libc.a(lib_a-fstatr.o)
 .bss           0x0000000008020424        0x0 f:/altera/15.0/nios2eds/bin/gnu/h-x86_64-mingw32/bin/../lib/gcc/nios2-elf/4.9.1/../../../../../H-x86_64-mingw32/nios2-elf/lib\libc.a(lib_a-int_errno.o)
 .bss           0x0000000008020424        0x0 f:/altera/15.0/nios2eds/bin/gnu/h-x86_64-mingw32/bin/../lib/gcc/nios2-elf/4.9.1/../../../../../H-x86_64-mingw32/nios2-elf/lib\libc.a(lib_a-isattyr.o)
 .bss           0x0000000008020424        0x0 f:/altera/15.0/nios2eds/bin/gnu/h-x86_64-mingw32/bin/../lib/gcc/nios2-elf/4.9.1/../../../../../H-x86_64-mingw32/nios2-elf/lib\libc.a(lib_a-lseekr.o)
 .bss           0x0000000008020424        0x0 f:/altera/15.0/nios2eds/bin/gnu/h-x86_64-mingw32/bin/../lib/gcc/nios2-elf/4.9.1/../../../../../H-x86_64-mingw32/nios2-elf/lib\libc.a(lib_a-readr.o)
 .bss           0x0000000008020424        0x0 f:/altera/15.0/nios2eds/bin/gnu/h-x86_64-mingw32/bin/../lib/gcc/nios2-elf/4.9.1/../../../../../H-x86_64-mingw32/nios2-elf/lib\libc.a(lib_a-wcrtomb.o)
 .bss           0x0000000008020424        0x0 f:/altera/15.0/nios2eds/bin/gnu/h-x86_64-mingw32/bin/../lib/gcc/nios2-elf/4.9.1/../../../../../H-x86_64-mingw32/nios2-elf/lib\libc.a(lib_a-wctomb_r.o)
 .bss           0x0000000008020424        0x0 f:/altera/15.0/nios2eds/bin/gnu/h-x86_64-mingw32/bin/../lib/gcc/nios2-elf/4.9.1\libgcc.a(_udivdi3.o)
 .bss           0x0000000008020424        0x0 f:/altera/15.0/nios2eds/bin/gnu/h-x86_64-mingw32/bin/../lib/gcc/nios2-elf/4.9.1\libgcc.a(_umoddi3.o)
 .bss           0x0000000008020424        0x0 f:/altera/15.0/nios2eds/bin/gnu/h-x86_64-mingw32/bin/../lib/gcc/nios2-elf/4.9.1\libgcc.a(lib2-divmod.o)
 .bss           0x0000000008020424        0x0 f:/altera/15.0/nios2eds/bin/gnu/h-x86_64-mingw32/bin/../lib/gcc/nios2-elf/4.9.1\libgcc.a(adddf3.o)
 .bss           0x0000000008020424        0x0 f:/altera/15.0/nios2eds/bin/gnu/h-x86_64-mingw32/bin/../lib/gcc/nios2-elf/4.9.1\libgcc.a(divdf3.o)
 .bss           0x0000000008020424        0x0 f:/altera/15.0/nios2eds/bin/gnu/h-x86_64-mingw32/bin/../lib/gcc/nios2-elf/4.9.1\libgcc.a(eqdf2.o)
 .bss           0x0000000008020424        0x0 f:/altera/15.0/nios2eds/bin/gnu/h-x86_64-mingw32/bin/../lib/gcc/nios2-elf/4.9.1\libgcc.a(gedf2.o)
 .bss           0x0000000008020424        0x0 f:/altera/15.0/nios2eds/bin/gnu/h-x86_64-mingw32/bin/../lib/gcc/nios2-elf/4.9.1\libgcc.a(ledf2.o)
 .bss           0x0000000008020424        0x0 f:/altera/15.0/nios2eds/bin/gnu/h-x86_64-mingw32/bin/../lib/gcc/nios2-elf/4.9.1\libgcc.a(muldf3.o)
 .bss           0x0000000008020424        0x0 f:/altera/15.0/nios2eds/bin/gnu/h-x86_64-mingw32/bin/../lib/gcc/nios2-elf/4.9.1\libgcc.a(subdf3.o)
 .bss           0x0000000008020424        0x0 f:/altera/15.0/nios2eds/bin/gnu/h-x86_64-mingw32/bin/../lib/gcc/nios2-elf/4.9.1\libgcc.a(fixdfsi.o)
 .bss           0x0000000008020424        0x0 f:/altera/15.0/nios2eds/bin/gnu/h-x86_64-mingw32/bin/../lib/gcc/nios2-elf/4.9.1\libgcc.a(floatsidf.o)
 .bss           0x0000000008020424        0x0 f:/altera/15.0/nios2eds/bin/gnu/h-x86_64-mingw32/bin/../lib/gcc/nios2-elf/4.9.1\libgcc.a(floatunsidf.o)
 .bss           0x0000000008020424        0x0 f:/altera/15.0/nios2eds/bin/gnu/h-x86_64-mingw32/bin/../lib/gcc/nios2-elf/4.9.1\libgcc.a(_clz.o)
 .bss           0x0000000008020424        0x0 f:/altera/15.0/nios2eds/bin/gnu/h-x86_64-mingw32/bin/../lib/gcc/nios2-elf/4.9.1\libgcc.a(_clzsi2.o)
 .bss           0x0000000008020424        0x0 ../Module2_Graphics_bsp/\libhal_bsp.a(alt_close.o)
 .bss           0x0000000008020424        0x0 ../Module2_Graphics_bsp/\libhal_bsp.a(alt_dev.o)
 .bss           0x0000000008020424        0x0 ../Module2_Graphics_bsp/\libhal_bsp.a(alt_errno.o)
 .bss           0x0000000008020424        0x0 ../Module2_Graphics_bsp/\libhal_bsp.a(alt_fstat.o)
 .bss           0x0000000008020424        0x0 ../Module2_Graphics_bsp/\libhal_bsp.a(alt_isatty.o)
 .bss           0x0000000008020424        0x0 ../Module2_Graphics_bsp/\libhal_bsp.a(alt_load.o)
 .bss           0x0000000008020424        0x0 ../Module2_Graphics_bsp/\libhal_bsp.a(alt_lseek.o)
 .bss           0x0000000008020424        0x0 ../Module2_Graphics_bsp/\libhal_bsp.a(alt_main.o)
 .bss           0x0000000008020424        0x0 ../Module2_Graphics_bsp/\libhal_bsp.a(alt_malloc_lock.o)
 .bss           0x0000000008020424        0x0 ../Module2_Graphics_bsp/\libhal_bsp.a(alt_read.o)
 .bss           0x0000000008020424        0x0 ../Module2_Graphics_bsp/\libhal_bsp.a(alt_release_fd.o)
 .bss           0x0000000008020424        0x0 ../Module2_Graphics_bsp/\libhal_bsp.a(alt_sbrk.o)
 .bss           0x0000000008020424        0x0 ../Module2_Graphics_bsp/\libhal_bsp.a(alt_usleep.o)
 .bss           0x0000000008020424        0x0 ../Module2_Graphics_bsp/\libhal_bsp.a(alt_write.o)
 .bss           0x0000000008020424        0x0 ../Module2_Graphics_bsp/\libhal_bsp.a(alt_sys_init.o)
 .bss           0x0000000008020424        0x0 ../Module2_Graphics_bsp/\libhal_bsp.a(altera_avalon_jtag_uart_fd.o)
 .bss           0x0000000008020424        0x0 ../Module2_Graphics_bsp/\libhal_bsp.a(altera_avalon_jtag_uart_init.o)
 .bss           0x0000000008020424        0x0 ../Module2_Graphics_bsp/\libhal_bsp.a(altera_avalon_jtag_uart_ioctl.o)
 .bss           0x0000000008020424        0x0 ../Module2_Graphics_bsp/\libhal_bsp.a(altera_avalon_jtag_uart_read.o)
 .bss           0x0000000008020424        0x0 ../Module2_Graphics_bsp/\libhal_bsp.a(altera_avalon_jtag_uart_write.o)
 .bss           0x0000000008020424        0x0 ../Module2_Graphics_bsp/\libhal_bsp.a(altera_avalon_timer_sc.o)
 .bss           0x0000000008020424        0x0 ../Module2_Graphics_bsp/\libhal_bsp.a(alt_alarm_start.o)
 .bss           0x0000000008020424        0x0 ../Module2_Graphics_bsp/\libhal_bsp.a(alt_busy_sleep.o)
 .bss           0x0000000008020424        0x0 ../Module2_Graphics_bsp/\libhal_bsp.a(alt_dcache_flush_all.o)
 .bss           0x0000000008020424        0x0 ../Module2_Graphics_bsp/\libhal_bsp.a(alt_dev_llist_insert.o)
 .bss           0x0000000008020424        0x0 ../Module2_Graphics_bsp/\libhal_bsp.a(alt_do_ctors.o)
 .bss           0x0000000008020424        0x0 ../Module2_Graphics_bsp/\libhal_bsp.a(alt_do_dtors.o)
 .bss           0x0000000008020424        0x0 ../Module2_Graphics_bsp/\libhal_bsp.a(alt_icache_flush_all.o)
 .bss           0x0000000008020424        0x0 ../Module2_Graphics_bsp/\libhal_bsp.a(alt_iic.o)
 .bss           0x0000000008020424        0x0 ../Module2_Graphics_bsp/\libhal_bsp.a(alt_iic_isr_register.o)
 .bss           0x0000000008020424        0x0 ../Module2_Graphics_bsp/\libhal_bsp.a(alt_io_redirect.o)
 .bss           0x0000000008020424        0x0 ../Module2_Graphics_bsp/\libhal_bsp.a(alt_irq_entry.o)
 .bss           0x0000000008020424        0x0 ../Module2_Graphics_bsp/\libhal_bsp.a(alt_irq_handler.o)
 .bss           0x0000000008020424        0x0 ../Module2_Graphics_bsp/\libhal_bsp.a(alt_irq_vars.o)
 .bss           0x0000000008020424        0x0 ../Module2_Graphics_bsp/\libhal_bsp.a(alt_open.o)
 .bss           0x0000000008020424        0x0 ../Module2_Graphics_bsp/\libhal_bsp.a(alt_tick.o)
 .bss           0x0000000008020424        0x0 ../Module2_Graphics_bsp/\libhal_bsp.a(altera_nios2_qsys_irq.o)
 .bss           0x0000000008020424        0x0 ../Module2_Graphics_bsp/\libhal_bsp.a(alt_exception_entry.o)
 .bss           0x0000000008020424        0x0 ../Module2_Graphics_bsp/\libhal_bsp.a(alt_find_dev.o)
 .bss           0x0000000008020424        0x0 ../Module2_Graphics_bsp/\libhal_bsp.a(alt_find_file.o)
 .bss           0x0000000008020424        0x0 ../Module2_Graphics_bsp/\libhal_bsp.a(alt_get_fd.o)
 .bss           0x0000000008020424        0x0 ../Module2_Graphics_bsp/\libhal_bsp.a(alt_icache_flush.o)
 .bss           0x0000000008020424        0x0 f:/altera/15.0/nios2eds/bin/gnu/h-x86_64-mingw32/bin/../lib/gcc/nios2-elf/4.9.1/../../../../../H-x86_64-mingw32/nios2-elf/lib\libc.a(lib_a-atexit.o)
 .bss           0x0000000008020424        0x0 f:/altera/15.0/nios2eds/bin/gnu/h-x86_64-mingw32/bin/../lib/gcc/nios2-elf/4.9.1/../../../../../H-x86_64-mingw32/nios2-elf/lib\libc.a(lib_a-exit.o)
 .bss           0x0000000008020424        0x0 f:/altera/15.0/nios2eds/bin/gnu/h-x86_64-mingw32/bin/../lib/gcc/nios2-elf/4.9.1/../../../../../H-x86_64-mingw32/nios2-elf/lib\libc.a(lib_a-memcmp.o)
 .bss           0x0000000008020424        0x0 f:/altera/15.0/nios2eds/bin/gnu/h-x86_64-mingw32/bin/../lib/gcc/nios2-elf/4.9.1/../../../../../H-x86_64-mingw32/nios2-elf/lib\libc.a(lib_a-__atexit.o)
 .bss           0x0000000008020424        0x0 f:/altera/15.0/nios2eds/bin/gnu/h-x86_64-mingw32/bin/../lib/gcc/nios2-elf/4.9.1/../../../../../H-x86_64-mingw32/nios2-elf/lib\libc.a(lib_a-__call_atexit.o)
 .bss           0x0000000008020424        0x0 ../Module2_Graphics_bsp/\libhal_bsp.a(alt_exit.o)
 *(COMMON)
 COMMON         0x0000000008020424       0xa0 obj/default/hello_world.o
                0x0000000008020424                dataAscii
 COMMON         0x00000000080204c4      0x100 ../Module2_Graphics_bsp/\libhal_bsp.a(alt_irq_handler.o)
                0x00000000080204c4                alt_irq
                0x00000000080205c4                . = ALIGN (0x4)
                0x00000000080205c4                __bss_end = ABSOLUTE (.)

.sdram          0x00000000080205c4        0x0
                0x00000000080205c4                PROVIDE (_alt_partition_sdram_start, ABSOLUTE (.))
 *(.sdram .sdram. sdram.*)
                0x00000000080205c4                . = ALIGN (0x4)
                0x00000000080205c4                PROVIDE (_alt_partition_sdram_end, ABSOLUTE (.))
                0x00000000080205c4                _end = ABSOLUTE (.)
                0x00000000080205c4                end = ABSOLUTE (.)
                0x00000000080205c4                __alt_stack_base = ABSOLUTE (.)
                0x00000000080205c4                PROVIDE (_alt_partition_sdram_load_addr, LOADADDR (.sdram))

.stab
 *(.stab)

.stabstr
 *(.stabstr)

.stab.excl
 *(.stab.excl)

.stab.exclstr
 *(.stab.exclstr)

.stab.index
 *(.stab.index)

.stab.indexstr
 *(.stab.indexstr)

.comment        0x0000000000000000       0x23
 *(.comment)
 .comment       0x0000000000000000       0x23 obj/default/hello_world.o
                                         0x24 (size before relaxing)
 .comment       0x0000000000000000       0x24 f:/altera/15.0/nios2eds/bin/gnu/h-x86_64-mingw32/bin/../lib/gcc/nios2-elf/4.9.1/../../../../../H-x86_64-mingw32/nios2-elf/lib\libc.a(lib_a-atoi.o)
 .comment       0x0000000000000000       0x24 f:/altera/15.0/nios2eds/bin/gnu/h-x86_64-mingw32/bin/../lib/gcc/nios2-elf/4.9.1/../../../../../H-x86_64-mingw32/nios2-elf/lib\libc.a(lib_a-memcpy.o)
 .comment       0x0000000000000000       0x24 f:/altera/15.0/nios2eds/bin/gnu/h-x86_64-mingw32/bin/../lib/gcc/nios2-elf/4.9.1/../../../../../H-x86_64-mingw32/nios2-elf/lib\libc.a(lib_a-printf.o)
 .comment       0x0000000000000000       0x24 f:/altera/15.0/nios2eds/bin/gnu/h-x86_64-mingw32/bin/../lib/gcc/nios2-elf/4.9.1/../../../../../H-x86_64-mingw32/nios2-elf/lib\libc.a(lib_a-putchar.o)
 .comment       0x0000000000000000       0x24 f:/altera/15.0/nios2eds/bin/gnu/h-x86_64-mingw32/bin/../lib/gcc/nios2-elf/4.9.1/../../../../../H-x86_64-mingw32/nios2-elf/lib\libc.a(lib_a-puts.o)
 .comment       0x0000000000000000       0x24 f:/altera/15.0/nios2eds/bin/gnu/h-x86_64-mingw32/bin/../lib/gcc/nios2-elf/4.9.1/../../../../../H-x86_64-mingw32/nios2-elf/lib\libc.a(lib_a-strlen.o)
 .comment       0x0000000000000000       0x24 f:/altera/15.0/nios2eds/bin/gnu/h-x86_64-mingw32/bin/../lib/gcc/nios2-elf/4.9.1/../../../../../H-x86_64-mingw32/nios2-elf/lib\libc.a(lib_a-strtol.o)
 .comment       0x0000000000000000       0x24 f:/altera/15.0/nios2eds/bin/gnu/h-x86_64-mingw32/bin/../lib/gcc/nios2-elf/4.9.1/../../../../../H-x86_64-mingw32/nios2-elf/lib\libc.a(lib_a-vfprintf.o)
 .comment       0x0000000000000000       0x24 f:/altera/15.0/nios2eds/bin/gnu/h-x86_64-mingw32/bin/../lib/gcc/nios2-elf/4.9.1/../../../../../H-x86_64-mingw32/nios2-elf/lib\libc.a(lib_a-wsetup.o)
 .comment       0x0000000000000000       0x24 f:/altera/15.0/nios2eds/bin/gnu/h-x86_64-mingw32/bin/../lib/gcc/nios2-elf/4.9.1/../../../../../H-x86_64-mingw32/nios2-elf/lib\libc.a(lib_a-ctype_.o)
 .comment       0x0000000000000000       0x24 f:/altera/15.0/nios2eds/bin/gnu/h-x86_64-mingw32/bin/../lib/gcc/nios2-elf/4.9.1/../../../../../H-x86_64-mingw32/nios2-elf/lib\libc.a(lib_a-dtoa.o)
 .comment       0x0000000000000000       0x24 f:/altera/15.0/nios2eds/bin/gnu/h-x86_64-mingw32/bin/../lib/gcc/nios2-elf/4.9.1/../../../../../H-x86_64-mingw32/nios2-elf/lib\libc.a(lib_a-fflush.o)
 .comment       0x0000000000000000       0x24 f:/altera/15.0/nios2eds/bin/gnu/h-x86_64-mingw32/bin/../lib/gcc/nios2-elf/4.9.1/../../../../../H-x86_64-mingw32/nios2-elf/lib\libc.a(lib_a-findfp.o)
 .comment       0x0000000000000000       0x24 f:/altera/15.0/nios2eds/bin/gnu/h-x86_64-mingw32/bin/../lib/gcc/nios2-elf/4.9.1/../../../../../H-x86_64-mingw32/nios2-elf/lib\libc.a(lib_a-freer.o)
 .comment       0x0000000000000000       0x24 f:/altera/15.0/nios2eds/bin/gnu/h-x86_64-mingw32/bin/../lib/gcc/nios2-elf/4.9.1/../../../../../H-x86_64-mingw32/nios2-elf/lib\libc.a(lib_a-fvwrite.o)
 .comment       0x0000000000000000       0x24 f:/altera/15.0/nios2eds/bin/gnu/h-x86_64-mingw32/bin/../lib/gcc/nios2-elf/4.9.1/../../../../../H-x86_64-mingw32/nios2-elf/lib\libc.a(lib_a-fwalk.o)
 .comment       0x0000000000000000       0x24 f:/altera/15.0/nios2eds/bin/gnu/h-x86_64-mingw32/bin/../lib/gcc/nios2-elf/4.9.1/../../../../../H-x86_64-mingw32/nios2-elf/lib\libc.a(lib_a-impure.o)
 .comment       0x0000000000000000       0x24 f:/altera/15.0/nios2eds/bin/gnu/h-x86_64-mingw32/bin/../lib/gcc/nios2-elf/4.9.1/../../../../../H-x86_64-mingw32/nios2-elf/lib\libc.a(lib_a-locale.o)
 .comment       0x0000000000000000       0x24 f:/altera/15.0/nios2eds/bin/gnu/h-x86_64-mingw32/bin/../lib/gcc/nios2-elf/4.9.1/../../../../../H-x86_64-mingw32/nios2-elf/lib\libc.a(lib_a-makebuf.o)
 .comment       0x0000000000000000       0x24 f:/altera/15.0/nios2eds/bin/gnu/h-x86_64-mingw32/bin/../lib/gcc/nios2-elf/4.9.1/../../../../../H-x86_64-mingw32/nios2-elf/lib\libc.a(lib_a-mallocr.o)
 .comment       0x0000000000000000       0x24 f:/altera/15.0/nios2eds/bin/gnu/h-x86_64-mingw32/bin/../lib/gcc/nios2-elf/4.9.1/../../../../../H-x86_64-mingw32/nios2-elf/lib\libc.a(lib_a-memchr.o)
 .comment       0x0000000000000000       0x24 f:/altera/15.0/nios2eds/bin/gnu/h-x86_64-mingw32/bin/../lib/gcc/nios2-elf/4.9.1/../../../../../H-x86_64-mingw32/nios2-elf/lib\libc.a(lib_a-memmove.o)
 .comment       0x0000000000000000       0x24 f:/altera/15.0/nios2eds/bin/gnu/h-x86_64-mingw32/bin/../lib/gcc/nios2-elf/4.9.1/../../../../../H-x86_64-mingw32/nios2-elf/lib\libc.a(lib_a-memset.o)
 .comment       0x0000000000000000       0x24 f:/altera/15.0/nios2eds/bin/gnu/h-x86_64-mingw32/bin/../lib/gcc/nios2-elf/4.9.1/../../../../../H-x86_64-mingw32/nios2-elf/lib\libc.a(lib_a-mprec.o)
 .comment       0x0000000000000000       0x24 f:/altera/15.0/nios2eds/bin/gnu/h-x86_64-mingw32/bin/../lib/gcc/nios2-elf/4.9.1/../../../../../H-x86_64-mingw32/nios2-elf/lib\libc.a(lib_a-putc.o)
 .comment       0x0000000000000000       0x24 f:/altera/15.0/nios2eds/bin/gnu/h-x86_64-mingw32/bin/../lib/gcc/nios2-elf/4.9.1/../../../../../H-x86_64-mingw32/nios2-elf/lib\libc.a(lib_a-reallocr.o)
 .comment       0x0000000000000000       0x24 f:/altera/15.0/nios2eds/bin/gnu/h-x86_64-mingw32/bin/../lib/gcc/nios2-elf/4.9.1/../../../../../H-x86_64-mingw32/nios2-elf/lib\libc.a(lib_a-s_fpclassify.o)
 .comment       0x0000000000000000       0x24 f:/altera/15.0/nios2eds/bin/gnu/h-x86_64-mingw32/bin/../lib/gcc/nios2-elf/4.9.1/../../../../../H-x86_64-mingw32/nios2-elf/lib\libc.a(lib_a-sbrkr.o)
 .comment       0x0000000000000000       0x24 f:/altera/15.0/nios2eds/bin/gnu/h-x86_64-mingw32/bin/../lib/gcc/nios2-elf/4.9.1/../../../../../H-x86_64-mingw32/nios2-elf/lib\libc.a(lib_a-stdio.o)
 .comment       0x0000000000000000       0x24 f:/altera/15.0/nios2eds/bin/gnu/h-x86_64-mingw32/bin/../lib/gcc/nios2-elf/4.9.1/../../../../../H-x86_64-mingw32/nios2-elf/lib\libc.a(lib_a-strcmp.o)
 .comment       0x0000000000000000       0x24 f:/altera/15.0/nios2eds/bin/gnu/h-x86_64-mingw32/bin/../lib/gcc/nios2-elf/4.9.1/../../../../../H-x86_64-mingw32/nios2-elf/lib\libc.a(lib_a-vfiprintf.o)
 .comment       0x0000000000000000       0x24 f:/altera/15.0/nios2eds/bin/gnu/h-x86_64-mingw32/bin/../lib/gcc/nios2-elf/4.9.1/../../../../../H-x86_64-mingw32/nios2-elf/lib\libc.a(lib_a-wbuf.o)
 .comment       0x0000000000000000       0x24 f:/altera/15.0/nios2eds/bin/gnu/h-x86_64-mingw32/bin/../lib/gcc/nios2-elf/4.9.1/../../../../../H-x86_64-mingw32/nios2-elf/lib\libc.a(lib_a-writer.o)
 .comment       0x0000000000000000       0x24 f:/altera/15.0/nios2eds/bin/gnu/h-x86_64-mingw32/bin/../lib/gcc/nios2-elf/4.9.1/../../../../../H-x86_64-mingw32/nios2-elf/lib\libc.a(closer.o)
 .comment       0x0000000000000000       0x24 f:/altera/15.0/nios2eds/bin/gnu/h-x86_64-mingw32/bin/../lib/gcc/nios2-elf/4.9.1/../../../../../H-x86_64-mingw32/nios2-elf/lib\libc.a(lib_a-callocr.o)
 .comment       0x0000000000000000       0x24 f:/altera/15.0/nios2eds/bin/gnu/h-x86_64-mingw32/bin/../lib/gcc/nios2-elf/4.9.1/../../../../../H-x86_64-mingw32/nios2-elf/lib\libc.a(lib_a-fclose.o)
 .comment       0x0000000000000000       0x24 f:/altera/15.0/nios2eds/bin/gnu/h-x86_64-mingw32/bin/../lib/gcc/nios2-elf/4.9.1/../../../../../H-x86_64-mingw32/nios2-elf/lib\libc.a(lib_a-fputwc.o)
 .comment       0x0000000000000000       0x24 f:/altera/15.0/nios2eds/bin/gnu/h-x86_64-mingw32/bin/../lib/gcc/nios2-elf/4.9.1/../../../../../H-x86_64-mingw32/nios2-elf/lib\libc.a(lib_a-fstatr.o)
 .comment       0x0000000000000000       0x24 f:/altera/15.0/nios2eds/bin/gnu/h-x86_64-mingw32/bin/../lib/gcc/nios2-elf/4.9.1/../../../../../H-x86_64-mingw32/nios2-elf/lib\libc.a(lib_a-int_errno.o)
 .comment       0x0000000000000000       0x24 f:/altera/15.0/nios2eds/bin/gnu/h-x86_64-mingw32/bin/../lib/gcc/nios2-elf/4.9.1/../../../../../H-x86_64-mingw32/nios2-elf/lib\libc.a(lib_a-isattyr.o)
 .comment       0x0000000000000000       0x24 f:/altera/15.0/nios2eds/bin/gnu/h-x86_64-mingw32/bin/../lib/gcc/nios2-elf/4.9.1/../../../../../H-x86_64-mingw32/nios2-elf/lib\libc.a(lib_a-lseekr.o)
 .comment       0x0000000000000000       0x24 f:/altera/15.0/nios2eds/bin/gnu/h-x86_64-mingw32/bin/../lib/gcc/nios2-elf/4.9.1/../../../../../H-x86_64-mingw32/nios2-elf/lib\libc.a(lib_a-readr.o)
 .comment       0x0000000000000000       0x24 f:/altera/15.0/nios2eds/bin/gnu/h-x86_64-mingw32/bin/../lib/gcc/nios2-elf/4.9.1/../../../../../H-x86_64-mingw32/nios2-elf/lib\libc.a(lib_a-wcrtomb.o)
 .comment       0x0000000000000000       0x24 f:/altera/15.0/nios2eds/bin/gnu/h-x86_64-mingw32/bin/../lib/gcc/nios2-elf/4.9.1/../../../../../H-x86_64-mingw32/nios2-elf/lib\libc.a(lib_a-wctomb_r.o)
 .comment       0x0000000000000000       0x24 f:/altera/15.0/nios2eds/bin/gnu/h-x86_64-mingw32/bin/../lib/gcc/nios2-elf/4.9.1\libgcc.a(_udivdi3.o)
 .comment       0x0000000000000000       0x24 f:/altera/15.0/nios2eds/bin/gnu/h-x86_64-mingw32/bin/../lib/gcc/nios2-elf/4.9.1\libgcc.a(_umoddi3.o)
 .comment       0x0000000000000000       0x24 f:/altera/15.0/nios2eds/bin/gnu/h-x86_64-mingw32/bin/../lib/gcc/nios2-elf/4.9.1\libgcc.a(lib2-divmod.o)
 .comment       0x0000000000000000       0x24 f:/altera/15.0/nios2eds/bin/gnu/h-x86_64-mingw32/bin/../lib/gcc/nios2-elf/4.9.1\libgcc.a(adddf3.o)
 .comment       0x0000000000000000       0x24 f:/altera/15.0/nios2eds/bin/gnu/h-x86_64-mingw32/bin/../lib/gcc/nios2-elf/4.9.1\libgcc.a(divdf3.o)
 .comment       0x0000000000000000       0x24 f:/altera/15.0/nios2eds/bin/gnu/h-x86_64-mingw32/bin/../lib/gcc/nios2-elf/4.9.1\libgcc.a(eqdf2.o)
 .comment       0x0000000000000000       0x24 f:/altera/15.0/nios2eds/bin/gnu/h-x86_64-mingw32/bin/../lib/gcc/nios2-elf/4.9.1\libgcc.a(gedf2.o)
 .comment       0x0000000000000000       0x24 f:/altera/15.0/nios2eds/bin/gnu/h-x86_64-mingw32/bin/../lib/gcc/nios2-elf/4.9.1\libgcc.a(ledf2.o)
 .comment       0x0000000000000000       0x24 f:/altera/15.0/nios2eds/bin/gnu/h-x86_64-mingw32/bin/../lib/gcc/nios2-elf/4.9.1\libgcc.a(muldf3.o)
 .comment       0x0000000000000000       0x24 f:/altera/15.0/nios2eds/bin/gnu/h-x86_64-mingw32/bin/../lib/gcc/nios2-elf/4.9.1\libgcc.a(subdf3.o)
 .comment       0x0000000000000000       0x24 f:/altera/15.0/nios2eds/bin/gnu/h-x86_64-mingw32/bin/../lib/gcc/nios2-elf/4.9.1\libgcc.a(fixdfsi.o)
 .comment       0x0000000000000000       0x24 f:/altera/15.0/nios2eds/bin/gnu/h-x86_64-mingw32/bin/../lib/gcc/nios2-elf/4.9.1\libgcc.a(floatsidf.o)
 .comment       0x0000000000000000       0x24 f:/altera/15.0/nios2eds/bin/gnu/h-x86_64-mingw32/bin/../lib/gcc/nios2-elf/4.9.1\libgcc.a(floatunsidf.o)
 .comment       0x0000000000000000       0x24 f:/altera/15.0/nios2eds/bin/gnu/h-x86_64-mingw32/bin/../lib/gcc/nios2-elf/4.9.1\libgcc.a(_clz.o)
 .comment       0x0000000000000000       0x24 f:/altera/15.0/nios2eds/bin/gnu/h-x86_64-mingw32/bin/../lib/gcc/nios2-elf/4.9.1\libgcc.a(_clzsi2.o)
 .comment       0x0000000000000000       0x24 ../Module2_Graphics_bsp/\libhal_bsp.a(alt_close.o)
 .comment       0x0000000000000000       0x24 ../Module2_Graphics_bsp/\libhal_bsp.a(alt_dev.o)
 .comment       0x0000000000000000       0x24 ../Module2_Graphics_bsp/\libhal_bsp.a(alt_errno.o)
 .comment       0x0000000000000000       0x24 ../Module2_Graphics_bsp/\libhal_bsp.a(alt_fstat.o)
 .comment       0x0000000000000000       0x24 ../Module2_Graphics_bsp/\libhal_bsp.a(alt_isatty.o)
 .comment       0x0000000000000000       0x24 ../Module2_Graphics_bsp/\libhal_bsp.a(alt_load.o)
 .comment       0x0000000000000000       0x24 ../Module2_Graphics_bsp/\libhal_bsp.a(alt_lseek.o)
 .comment       0x0000000000000000       0x24 ../Module2_Graphics_bsp/\libhal_bsp.a(alt_main.o)
 .comment       0x0000000000000000       0x24 ../Module2_Graphics_bsp/\libhal_bsp.a(alt_malloc_lock.o)
 .comment       0x0000000000000000       0x24 ../Module2_Graphics_bsp/\libhal_bsp.a(alt_read.o)
 .comment       0x0000000000000000       0x24 ../Module2_Graphics_bsp/\libhal_bsp.a(alt_release_fd.o)
 .comment       0x0000000000000000       0x24 ../Module2_Graphics_bsp/\libhal_bsp.a(alt_sbrk.o)
 .comment       0x0000000000000000       0x24 ../Module2_Graphics_bsp/\libhal_bsp.a(alt_usleep.o)
 .comment       0x0000000000000000       0x24 ../Module2_Graphics_bsp/\libhal_bsp.a(alt_write.o)
 .comment       0x0000000000000000       0x24 ../Module2_Graphics_bsp/\libhal_bsp.a(alt_sys_init.o)
 .comment       0x0000000000000000       0x24 ../Module2_Graphics_bsp/\libhal_bsp.a(altera_avalon_jtag_uart_fd.o)
 .comment       0x0000000000000000       0x24 ../Module2_Graphics_bsp/\libhal_bsp.a(altera_avalon_jtag_uart_init.o)
 .comment       0x0000000000000000       0x24 ../Module2_Graphics_bsp/\libhal_bsp.a(altera_avalon_jtag_uart_ioctl.o)
 .comment       0x0000000000000000       0x24 ../Module2_Graphics_bsp/\libhal_bsp.a(altera_avalon_jtag_uart_read.o)
 .comment       0x0000000000000000       0x24 ../Module2_Graphics_bsp/\libhal_bsp.a(altera_avalon_jtag_uart_write.o)
 .comment       0x0000000000000000       0x24 ../Module2_Graphics_bsp/\libhal_bsp.a(altera_avalon_timer_sc.o)
 .comment       0x0000000000000000       0x24 ../Module2_Graphics_bsp/\libhal_bsp.a(alt_alarm_start.o)
 .comment       0x0000000000000000       0x24 ../Module2_Graphics_bsp/\libhal_bsp.a(alt_busy_sleep.o)